
Discarded input sections

 .reginfo       0x0000000000000000       0x18 ../../../decompile/General/LOAD_DriverMPK.o
 .MIPS.abiflags
                0x0000000000000000       0x18 ../../../decompile/General/LOAD_DriverMPK.o
 .pdr           0x0000000000000000       0x20 ../../../decompile/General/LOAD_DriverMPK.o
 .reginfo       0x0000000000000000       0x18 ../../Patches/SaveRAM/src/Mem_AllocateAllPools.o
 .MIPS.abiflags
                0x0000000000000000       0x18 ../../Patches/SaveRAM/src/Mem_AllocateAllPools.o
 .pdr           0x0000000000000000       0x20 ../../Patches/SaveRAM/src/Mem_AllocateAllPools.o
 .reginfo       0x0000000000000000       0x18 ../../../decompile/General/Camera110_InitStructs.o
 .MIPS.abiflags
                0x0000000000000000       0x18 ../../../decompile/General/Camera110_InitStructs.o
 .pdr           0x0000000000000000       0x20 ../../../decompile/General/Camera110_InitStructs.o
 .reginfo       0x0000000000000000       0x18 ../../Patches/SaveRAM/src/Mem_DriverPool.o
 .MIPS.abiflags
                0x0000000000000000       0x18 ../../Patches/SaveRAM/src/Mem_DriverPool.o
 .pdr           0x0000000000000000       0x40 ../../Patches/SaveRAM/src/Mem_DriverPool.o
 .reginfo       0x0000000000000000       0x18 ../../Patches/SaveRAM/src/Mem_hookClearAllPools.o
 .MIPS.abiflags
                0x0000000000000000       0x18 ../../Patches/SaveRAM/src/Mem_hookClearAllPools.o
 .reginfo       0x0000000000000000       0x18 ../../../decompile/General/DrawRaceClock.o
 .MIPS.abiflags
                0x0000000000000000       0x18 ../../../decompile/General/DrawRaceClock.o
 .pdr           0x0000000000000000       0x20 ../../../decompile/General/DrawRaceClock.o
 .reginfo       0x0000000000000000       0x18 ../../Patches/SaveRAM/src/Mem_ThreadPool.o
 .MIPS.abiflags
                0x0000000000000000       0x18 ../../Patches/SaveRAM/src/Mem_ThreadPool.o
 .pdr           0x0000000000000000       0x20 ../../Patches/SaveRAM/src/Mem_ThreadPool.o
 .reginfo       0x0000000000000000       0x18 ../../Modules/OverrideMPK/src/numDrivers.o
 .MIPS.abiflags
                0x0000000000000000       0x18 ../../Modules/OverrideMPK/src/numDrivers.o
 .reginfo       0x0000000000000000       0x18 ../../Modules/OverrideMPK/src/numDriversPlusOne.o
 .MIPS.abiflags
                0x0000000000000000       0x18 ../../Modules/OverrideMPK/src/numDriversPlusOne.o
 .reginfo       0x0000000000000000       0x18 ../../Modules/OverrideMPK/src/OvMPK_StringSearch.o
 .MIPS.abiflags
                0x0000000000000000       0x18 ../../Modules/OverrideMPK/src/OvMPK_StringSearch.o
 .pdr           0x0000000000000000       0x40 ../../Modules/OverrideMPK/src/OvMPK_StringSearch.o
 .reginfo       0x0000000000000000       0x18 ../../Modules/OverrideMPK/src/OvMPK_LoadMPK.o
 .MIPS.abiflags
                0x0000000000000000       0x18 ../../Modules/OverrideMPK/src/OvMPK_LoadMPK.o
 .pdr           0x0000000000000000       0x20 ../../Modules/OverrideMPK/src/OvMPK_LoadMPK.o
 .reginfo       0x0000000000000000       0x18 ../../Modules/CharacterRandomizer/src/ChRand_hook1P.o
 .MIPS.abiflags
                0x0000000000000000       0x18 ../../Modules/CharacterRandomizer/src/ChRand_hook1P.o
 .reginfo       0x0000000000000000       0x18 ../../Modules/CharacterRandomizer/src/ChRand_hook2P.o
 .MIPS.abiflags
                0x0000000000000000       0x18 ../../Modules/CharacterRandomizer/src/ChRand_hook2P.o
 .reginfo       0x0000000000000000       0x18 ../../Modules/ReservesMeter/src/reserveshook.o
 .MIPS.abiflags
                0x0000000000000000       0x18 ../../Modules/ReservesMeter/src/reserveshook.o
 .reginfo       0x0000000000000000       0x18 ../../Modules/Retro-Fueled/src/hookUpdate.o
 .MIPS.abiflags
                0x0000000000000000       0x18 ../../Modules/Retro-Fueled/src/hookUpdate.o
 .reginfo       0x0000000000000000       0x18 ../../Modules/Retro-Fueled/src/hookEntry.o
 .MIPS.abiflags
                0x0000000000000000       0x18 ../../Modules/Retro-Fueled/src/hookEntry.o
 .reginfo       0x0000000000000000       0x18 ../../Modules/Retro-Fueled/src/hookReserveCancelation.o
 .MIPS.abiflags
                0x0000000000000000       0x18 ../../Modules/Retro-Fueled/src/hookReserveCancelation.o
 .reginfo       0x0000000000000000       0x18 ../../../nop.o
 .MIPS.abiflags
                0x0000000000000000       0x18 ../../../nop.o
 .reginfo       0x0000000000000000       0x18 ../../Modules/ReservesMeter/src/Turbo_Increment_Retro-Fueled.o
 .MIPS.abiflags
                0x0000000000000000       0x18 ../../Modules/ReservesMeter/src/Turbo_Increment_Retro-Fueled.o
 .pdr           0x0000000000000000       0x20 ../../Modules/ReservesMeter/src/Turbo_Increment_Retro-Fueled.o
 .reginfo       0x0000000000000000       0x18 ../../Patches/FixAdventureModeCharacterSelectArrows/src/DecalHUD_Arrow2D.o
 .MIPS.abiflags
                0x0000000000000000       0x18 ../../Patches/FixAdventureModeCharacterSelectArrows/src/DecalHUD_Arrow2D.o
[...]
Memory Configuration

Name             Origin             Length             Attributes
*default*        0x0000000000000000 0xffffffffffffffff

Linker script and memory map

LOAD ../../Patches/JpnModchips/src/jpnModchips.o
LOAD ../../../decompile/General/LOAD_DriverMPK.o
LOAD ../../Patches/SaveRAM/src/Mem_AllocateAllPools.o
LOAD ../../../decompile/General/Camera110_InitStructs.o
LOAD ../../Patches/SaveRAM/src/Mem_DriverPool.o
LOAD ../../Patches/SaveRAM/src/Mem_hookClearAllPools.o
LOAD ../../../decompile/General/DrawRaceClock.o
LOAD ../../Patches/SaveRAM/src/Mem_ThreadPool.o
LOAD ../../Modules/OverrideMPK/src/numDrivers.o
LOAD ../../Modules/OverrideMPK/src/numDriversPlusOne.o
LOAD ../../Modules/OverrideMPK/src/OvMPK_StringSearch.o
LOAD ../../Modules/OverrideMPK/src/OvMPK_LoadMPK.o
LOAD ../../Modules/CharacterRandomizer/src/ChRand_hook1P.o
LOAD ../../Modules/CharacterRandomizer/src/ChRand_hook2P.o
LOAD ../../Modules/ReservesMeter/src/reserveshook.o
LOAD ../../Modules/Retro-Fueled/src/hookUpdate.o
LOAD ../../Modules/Retro-Fueled/src/hookEntry.o
LOAD ../../Modules/Retro-Fueled/src/hookReserveCancelation.o
LOAD ../../../nop.o
LOAD ../../Modules/ReservesMeter/src/Turbo_Increment_Retro-Fueled.o
LOAD ../../Patches/FixAdventureModeCharacterSelectArrows/src/DecalHUD_Arrow2D.o
LOAD ../../Modules/EngineSelect/src/ES_hookClassName.o
LOAD ../../Modules/EngineSelect/src/ES_nop233.o
LOAD ../../Modules/EngineSelect/src/ES_hook233.o
LOAD ../../Modules/EngineSelect/src/ES_233.o
LOAD ../../Modules/EngineSelect/src/ES_nop230.o
LOAD ../../Modules/EngineSelect/src/ES_hookCharacterName.o
LOAD ../../Modules/EngineSelect/src/ES_hook230.o
LOAD ../../Modules/EngineSelect/src/ES_230.o
LOAD ../../Modules/Retro-Fueled/src/main.o
LOAD ../../Modules/Retro-Fueled/src/texturereplacements.o
LOAD ../../Modules/CharacterRandomizer/src/ChRand_main.o
LOAD ../../Modules/ReservesMeter/src/main.o
                0x00000000800101bc                OVR_START_ADDR = 0x800101bc
                0x0000000080010be8                __heap_base = __ovr_end
                0x00000000800101bc                __ovr_start = 0x800101bc

.MIPS.abiflags  0x0000000000000000       0x18
 .MIPS.abiflags
                0x0000000000000000       0x18 ../../Patches/JpnModchips/src/jpnModchips.o

.PatchesJpnModchipssrcjpnModchipss
                0x00000000800101bc     0x23c0
                0x0000000080012570                . = (. + 0x23b4)
 *fill*         0x00000000800101bc     0x23b4 
 ../../Patches/JpnModchips/src/jpnModchips.o(.text)
 .text          0x0000000080012570        0xc ../../Patches/JpnModchips/src/jpnModchips.o
 ../../Patches/JpnModchips/src/jpnModchips.o(.text.startup._GLOBAL__*)
 ../../Patches/JpnModchips/src/jpnModchips.o(.text.*)
 ../../Patches/JpnModchips/src/jpnModchips.o(.rodata*)
 ../../Patches/JpnModchips/src/jpnModchips.o(.sdata*)
 ../../Patches/JpnModchips/src/jpnModchips.o(.data*)
 .data          0x000000008001257c        0x0 ../../Patches/JpnModchips/src/jpnModchips.o
 ../../Patches/JpnModchips/src/jpnModchips.o(.sbss*)
 ../../Patches/JpnModchips/src/jpnModchips.o(.bss*)
 .bss           0x000000008001257c        0x0 ../../Patches/JpnModchips/src/jpnModchips.o
 ../../Patches/JpnModchips/src/jpnModchips.o(.ctors)
                0x000000008001257c                . = ALIGN (0x4)
                0x0000000080010be8                __ovr_end = .
                [!provide]                        PROVIDE (__load_start_PatchesJpnModchipssrcjpnModchipss = LOADADDR (.PatchesJpnModchipssrcjpnModchipss))
                [!provide]                        PROVIDE (__load_stop_PatchesJpnModchipssrcjpnModchipss = (LOADADDR (.PatchesJpnModchipssrcjpnModchipss) + SIZEOF (.PatchesJpnModchipssrcjpnModchipss)))

.decompileGeneralLOAD_DriverMPKc
                0x00000000800101bc    0x24504 load address 0x000000008001257c
                0x000000008003442c                . = (. + 0x24270)
 *fill*         0x00000000800101bc    0x24270 
 ../../../decompile/General/LOAD_DriverMPK.o(.text)
 .text          0x000000008003442c        0x0 ../../../decompile/General/LOAD_DriverMPK.o
 ../../../decompile/General/LOAD_DriverMPK.o(.text.startup._GLOBAL__*)
 ../../../decompile/General/LOAD_DriverMPK.o(.text.*)
 .text.DECOMP_LOAD_DriverMPK
                0x000000008003442c      0x294 ../../../decompile/General/LOAD_DriverMPK.o
                0x000000008003442c                DECOMP_LOAD_DriverMPK
 ../../../decompile/General/LOAD_DriverMPK.o(.rodata*)
 ../../../decompile/General/LOAD_DriverMPK.o(.sdata*)
 ../../../decompile/General/LOAD_DriverMPK.o(.data*)
 .data          0x00000000800346c0        0x0 ../../../decompile/General/LOAD_DriverMPK.o
 ../../../decompile/General/LOAD_DriverMPK.o(.sbss*)
 ../../../decompile/General/LOAD_DriverMPK.o(.bss*)
 .bss           0x00000000800346c0        0x0 ../../../decompile/General/LOAD_DriverMPK.o
 ../../../decompile/General/LOAD_DriverMPK.o(.ctors)
                0x00000000800346c0                . = ALIGN (0x4)
                0x0000000080010be8                __ovr_end = .
                [!provide]                        PROVIDE (__load_start_decompileGeneralLOAD_DriverMPKc = LOADADDR (.decompileGeneralLOAD_DriverMPKc))
                [!provide]                        PROVIDE (__load_stop_decompileGeneralLOAD_DriverMPKc = (LOADADDR (.decompileGeneralLOAD_DriverMPKc) + SIZEOF (.decompileGeneralLOAD_DriverMPKc)))

.PatchesSaveRAMsrcMem_AllocateAllPoolsc
                0x00000000800101bc    0x2c9d8 load address 0x0000000080036a80
                0x000000008003c9c4                . = (. + 0x2c808)
 *fill*         0x00000000800101bc    0x2c808 
 ../../Patches/SaveRAM/src/Mem_AllocateAllPools.o(.text)
 .text          0x000000008003c9c4        0x0 ../../Patches/SaveRAM/src/Mem_AllocateAllPools.o
 ../../Patches/SaveRAM/src/Mem_AllocateAllPools.o(.text.startup._GLOBAL__*)
 ../../Patches/SaveRAM/src/Mem_AllocateAllPools.o(.text.*)
 .text.AllocateAllPools_New
                0x000000008003c9c4      0x1d0 ../../Patches/SaveRAM/src/Mem_AllocateAllPools.o
                0x000000008003c9c4                AllocateAllPools_New
 ../../Patches/SaveRAM/src/Mem_AllocateAllPools.o(.rodata*)
 ../../Patches/SaveRAM/src/Mem_AllocateAllPools.o(.sdata*)
 ../../Patches/SaveRAM/src/Mem_AllocateAllPools.o(.data*)
 .data          0x000000008003cb94        0x0 ../../Patches/SaveRAM/src/Mem_AllocateAllPools.o
 ../../Patches/SaveRAM/src/Mem_AllocateAllPools.o(.sbss*)
 ../../Patches/SaveRAM/src/Mem_AllocateAllPools.o(.bss*)
 .bss           0x000000008003cb94        0x0 ../../Patches/SaveRAM/src/Mem_AllocateAllPools.o
 ../../Patches/SaveRAM/src/Mem_AllocateAllPools.o(.ctors)
                0x000000008003cb94                . = ALIGN (0x4)
                0x0000000080010be8                __ovr_end = .
                [!provide]                        PROVIDE (__load_start_PatchesSaveRAMsrcMem_AllocateAllPoolsc = LOADADDR (.PatchesSaveRAMsrcMem_AllocateAllPoolsc))
                [!provide]                        PROVIDE (__load_stop_PatchesSaveRAMsrcMem_AllocateAllPoolsc = (LOADADDR (.PatchesSaveRAMsrcMem_AllocateAllPoolsc) + SIZEOF (.PatchesSaveRAMsrcMem_AllocateAllPoolsc)))

.Mem_DriverPool
                0x00000000800101bc    0x34088 load address 0x0000000080063458
                0x00000000800440d4                . = (. + 0x33f18)
 *fill*         0x00000000800101bc    0x33f18 
 ../../../decompile/General/Camera110_InitStructs.o(.text)
 .text          0x00000000800440d4        0x0 ../../../decompile/General/Camera110_InitStructs.o
 ../../../decompile/General/Camera110_InitStructs.o(.text.startup._GLOBAL__*)
 ../../../decompile/General/Camera110_InitStructs.o(.text.*)
 .text.DECOMP_Camera110_InitStructs
                0x00000000800440d4       0xa8 ../../../decompile/General/Camera110_InitStructs.o
                0x00000000800440d4                DECOMP_Camera110_InitStructs
 ../../../decompile/General/Camera110_InitStructs.o(.rodata*)
 ../../../decompile/General/Camera110_InitStructs.o(.sdata*)
 ../../../decompile/General/Camera110_InitStructs.o(.data*)
 .data          0x000000008004417c        0x0 ../../../decompile/General/Camera110_InitStructs.o
 ../../../decompile/General/Camera110_InitStructs.o(.sbss*)
 ../../../decompile/General/Camera110_InitStructs.o(.bss*)
 .bss           0x000000008004417c        0x0 ../../../decompile/General/Camera110_InitStructs.o
 ../../../decompile/General/Camera110_InitStructs.o(.ctors)
 ../../Patches/SaveRAM/src/Mem_DriverPool.o(.text)
 .text          0x000000008004417c        0x0 ../../Patches/SaveRAM/src/Mem_DriverPool.o
 ../../Patches/SaveRAM/src/Mem_DriverPool.o(.text.startup._GLOBAL__*)
 ../../Patches/SaveRAM/src/Mem_DriverPool.o(.text.*)
 .text.ClearDriverPool
                0x000000008004417c       0x6c ../../Patches/SaveRAM/src/Mem_DriverPool.o
                0x000000008004417c                ClearDriverPool
 .text.New_ClearAllMemPools
                0x00000000800441e8       0x5c ../../Patches/SaveRAM/src/Mem_DriverPool.o
                0x00000000800441e8                New_ClearAllMemPools
 ../../Patches/SaveRAM/src/Mem_DriverPool.o(.rodata*)
 ../../Patches/SaveRAM/src/Mem_DriverPool.o(.sdata*)
 ../../Patches/SaveRAM/src/Mem_DriverPool.o(.data*)
 .data          0x0000000080044244        0x0 ../../Patches/SaveRAM/src/Mem_DriverPool.o
 ../../Patches/SaveRAM/src/Mem_DriverPool.o(.sbss*)
 ../../Patches/SaveRAM/src/Mem_DriverPool.o(.bss*)
 .bss           0x0000000080044244        0x0 ../../Patches/SaveRAM/src/Mem_DriverPool.o
 ../../Patches/SaveRAM/src/Mem_DriverPool.o(.ctors)
                0x0000000080044244                . = ALIGN (0x4)
                0x0000000080010be8                __ovr_end = .
                [!provide]                        PROVIDE (__load_start_Mem_DriverPool = LOADADDR (.Mem_DriverPool))
                [!provide]                        PROVIDE (__load_stop_Mem_DriverPool = (LOADADDR (.Mem_DriverPool) + SIZEOF (.Mem_DriverPool)))

.PatchesSaveRAMsrcMem_hookClearAllPoolss
                0x00000000800101bc    0x2c6a8 load address 0x00000000800974e0
                0x000000008003c85c                . = (. + 0x2c6a0)
 *fill*         0x00000000800101bc    0x2c6a0 
 ../../Patches/SaveRAM/src/Mem_hookClearAllPools.o(.text)
 .text          0x000000008003c85c        0x8 ../../Patches/SaveRAM/src/Mem_hookClearAllPools.o
 ../../Patches/SaveRAM/src/Mem_hookClearAllPools.o(.text.startup._GLOBAL__*)
 ../../Patches/SaveRAM/src/Mem_hookClearAllPools.o(.text.*)
 ../../Patches/SaveRAM/src/Mem_hookClearAllPools.o(.rodata*)
 ../../Patches/SaveRAM/src/Mem_hookClearAllPools.o(.sdata*)
 ../../Patches/SaveRAM/src/Mem_hookClearAllPools.o(.data*)
 .data          0x000000008003c864        0x0 ../../Patches/SaveRAM/src/Mem_hookClearAllPools.o
 ../../Patches/SaveRAM/src/Mem_hookClearAllPools.o(.sbss*)
 ../../Patches/SaveRAM/src/Mem_hookClearAllPools.o(.bss*)
 .bss           0x000000008003c864        0x0 ../../Patches/SaveRAM/src/Mem_hookClearAllPools.o
 ../../Patches/SaveRAM/src/Mem_hookClearAllPools.o(.ctors)
                0x000000008003c864                . = ALIGN (0x4)
                0x0000000080010be8                __ovr_end = .
                [!provide]                        PROVIDE (__load_start_PatchesSaveRAMsrcMem_hookClearAllPoolss = LOADADDR (.PatchesSaveRAMsrcMem_hookClearAllPoolss))
                [!provide]                        PROVIDE (__load_stop_PatchesSaveRAMsrcMem_hookClearAllPoolss = (LOADADDR (.PatchesSaveRAMsrcMem_hookClearAllPoolss) + SIZEOF (.PatchesSaveRAMsrcMem_hookClearAllPoolss)))

.Mem_ThreadPool
                0x00000000800101bc    0x41ea8 load address 0x00000000800c3b88
                0x00000000800515ac                . = (. + 0x413f0)
 *fill*         0x00000000800101bc    0x413f0 
 ../../../decompile/General/DrawRaceClock.o(.text)
 .text          0x00000000800515ac        0x0 ../../../decompile/General/DrawRaceClock.o
 ../../../decompile/General/DrawRaceClock.o(.text.startup._GLOBAL__*)
 ../../../decompile/General/DrawRaceClock.o(.text.*)
 .text.DECOMP_DrawRaceClock
                0x00000000800515ac      0x8a0 ../../../decompile/General/DrawRaceClock.o
                0x00000000800515ac                DECOMP_DrawRaceClock
 ../../../decompile/General/DrawRaceClock.o(.rodata*)
 ../../../decompile/General/DrawRaceClock.o(.sdata*)
 ../../../decompile/General/DrawRaceClock.o(.data*)
 .data          0x0000000080051e4c        0x0 ../../../decompile/General/DrawRaceClock.o
 ../../../decompile/General/DrawRaceClock.o(.sbss*)
 ../../../decompile/General/DrawRaceClock.o(.bss*)
 .bss           0x0000000080051e4c        0x0 ../../../decompile/General/DrawRaceClock.o
 ../../../decompile/General/DrawRaceClock.o(.ctors)
 ../../Patches/SaveRAM/src/Mem_ThreadPool.o(.text)
 .text          0x0000000080051e4c        0x0 ../../Patches/SaveRAM/src/Mem_ThreadPool.o
 ../../Patches/SaveRAM/src/Mem_ThreadPool.o(.text.startup._GLOBAL__*)
 ../../Patches/SaveRAM/src/Mem_ThreadPool.o(.text.*)
 .text.ClearThreadPool
                0x0000000080051e4c      0x140 ../../Patches/SaveRAM/src/Mem_ThreadPool.o
                0x0000000080051e4c                ClearThreadPool
 ../../Patches/SaveRAM/src/Mem_ThreadPool.o(.rodata*)
 ../../Patches/SaveRAM/src/Mem_ThreadPool.o(.sdata*)
 ../../Patches/SaveRAM/src/Mem_ThreadPool.o(.data*)
 .data          0x0000000080051f8c        0x0 ../../Patches/SaveRAM/src/Mem_ThreadPool.o
 ../../Patches/SaveRAM/src/Mem_ThreadPool.o(.sbss*)
 ../../Patches/SaveRAM/src/Mem_ThreadPool.o(.bss*)
 .bss           0x0000000080051f8c       0xd8 ../../Patches/SaveRAM/src/Mem_ThreadPool.o
                0x0000000080051f8c                threads
 ../../Patches/SaveRAM/src/Mem_ThreadPool.o(.ctors)
                0x0000000080052064                . = ALIGN (0x4)
                0x0000000080010be8                __ovr_end = .
                [!provide]                        PROVIDE (__load_start_Mem_ThreadPool = LOADADDR (.Mem_ThreadPool))
                [!provide]                        PROVIDE (__load_stop_Mem_ThreadPool = (LOADADDR (.Mem_ThreadPool) + SIZEOF (.Mem_ThreadPool)))

.ModulesOverrideMPKsrcnumDriverss
                0x00000000800101bc    0x259a4 load address 0x0000000080105a30
                0x0000000080035b5c                . = (. + 0x259a0)
 *fill*         0x00000000800101bc    0x259a0 
 ../../Modules/OverrideMPK/src/numDrivers.o(.text)
 .text          0x0000000080035b5c        0x4 ../../Modules/OverrideMPK/src/numDrivers.o
 ../../Modules/OverrideMPK/src/numDrivers.o(.text.startup._GLOBAL__*)
 ../../Modules/OverrideMPK/src/numDrivers.o(.text.*)
 ../../Modules/OverrideMPK/src/numDrivers.o(.rodata*)
 ../../Modules/OverrideMPK/src/numDrivers.o(.sdata*)
 ../../Modules/OverrideMPK/src/numDrivers.o(.data*)
 .data          0x0000000080035b60        0x0 ../../Modules/OverrideMPK/src/numDrivers.o
 ../../Modules/OverrideMPK/src/numDrivers.o(.sbss*)
 ../../Modules/OverrideMPK/src/numDrivers.o(.bss*)
 .bss           0x0000000080035b60        0x0 ../../Modules/OverrideMPK/src/numDrivers.o
 ../../Modules/OverrideMPK/src/numDrivers.o(.ctors)
                0x0000000080035b60                . = ALIGN (0x4)
                0x0000000080010be8                __ovr_end = .
                [!provide]                        PROVIDE (__load_start_ModulesOverrideMPKsrcnumDriverss = LOADADDR (.ModulesOverrideMPKsrcnumDriverss))
                [!provide]                        PROVIDE (__load_stop_ModulesOverrideMPKsrcnumDriverss = (LOADADDR (.ModulesOverrideMPKsrcnumDriverss) + SIZEOF (.ModulesOverrideMPKsrcnumDriverss)))

.ModulesOverrideMPKsrcnumDriversPlusOnes
                0x00000000800101bc    0x2474c load address 0x000000008012b3d4
                0x0000000080034904                . = (. + 0x24748)
 *fill*         0x00000000800101bc    0x24748 
 ../../Modules/OverrideMPK/src/numDriversPlusOne.o(.text)
 .text          0x0000000080034904        0x4 ../../Modules/OverrideMPK/src/numDriversPlusOne.o
 ../../Modules/OverrideMPK/src/numDriversPlusOne.o(.text.startup._GLOBAL__*)
 ../../Modules/OverrideMPK/src/numDriversPlusOne.o(.text.*)
 ../../Modules/OverrideMPK/src/numDriversPlusOne.o(.rodata*)
 ../../Modules/OverrideMPK/src/numDriversPlusOne.o(.sdata*)
 ../../Modules/OverrideMPK/src/numDriversPlusOne.o(.data*)
 .data          0x0000000080034908        0x0 ../../Modules/OverrideMPK/src/numDriversPlusOne.o
 ../../Modules/OverrideMPK/src/numDriversPlusOne.o(.sbss*)
 ../../Modules/OverrideMPK/src/numDriversPlusOne.o(.bss*)
 .bss           0x0000000080034908        0x0 ../../Modules/OverrideMPK/src/numDriversPlusOne.o
 ../../Modules/OverrideMPK/src/numDriversPlusOne.o(.ctors)
                0x0000000080034908                . = ALIGN (0x4)
                0x0000000080010be8                __ovr_end = .
                [!provide]                        PROVIDE (__load_start_ModulesOverrideMPKsrcnumDriversPlusOnes = LOADADDR (.ModulesOverrideMPKsrcnumDriversPlusOnes))
                [!provide]                        PROVIDE (__load_stop_ModulesOverrideMPKsrcnumDriversPlusOnes = (LOADADDR (.ModulesOverrideMPKsrcnumDriversPlusOnes) + SIZEOF (.ModulesOverrideMPKsrcnumDriversPlusOnes)))

.ModulesOverrideMPKsrcOvMPK_StringSearchc
                0x00000000800101bc    0x4b5c8 load address 0x000000008014fb20
                0x000000008005b6b8                . = (. + 0x4b4fc)
 *fill*         0x00000000800101bc    0x4b4fc 
 ../../Modules/OverrideMPK/src/OvMPK_StringSearch.o(.text)
 .text          0x000000008005b6b8        0x0 ../../Modules/OverrideMPK/src/OvMPK_StringSearch.o
 ../../Modules/OverrideMPK/src/OvMPK_StringSearch.o(.text.startup._GLOBAL__*)
 ../../Modules/OverrideMPK/src/OvMPK_StringSearch.o(.text.*)
 .text.newSearchFunc
                0x000000008005b6b8       0x9c ../../Modules/OverrideMPK/src/OvMPK_StringSearch.o
                0x000000008005b6b8                newSearchFunc
 .text.CheckString
                0x000000008005b754       0x30 ../../Modules/OverrideMPK/src/OvMPK_StringSearch.o
                0x000000008005b754                CheckString
 ../../Modules/OverrideMPK/src/OvMPK_StringSearch.o(.rodata*)
 ../../Modules/OverrideMPK/src/OvMPK_StringSearch.o(.sdata*)
 ../../Modules/OverrideMPK/src/OvMPK_StringSearch.o(.data*)
 .data          0x000000008005b784        0x0 ../../Modules/OverrideMPK/src/OvMPK_StringSearch.o
 ../../Modules/OverrideMPK/src/OvMPK_StringSearch.o(.sbss*)
 ../../Modules/OverrideMPK/src/OvMPK_StringSearch.o(.bss*)
 .bss           0x000000008005b784        0x0 ../../Modules/OverrideMPK/src/OvMPK_StringSearch.o
 ../../Modules/OverrideMPK/src/OvMPK_StringSearch.o(.ctors)
                0x000000008005b784                . = ALIGN (0x4)
                0x0000000080010be8                __ovr_end = .
                [!provide]                        PROVIDE (__load_start_ModulesOverrideMPKsrcOvMPK_StringSearchc = LOADADDR (.ModulesOverrideMPKsrcOvMPK_StringSearchc))
                [!provide]                        PROVIDE (__load_stop_ModulesOverrideMPKsrcOvMPK_StringSearchc = (LOADADDR (.ModulesOverrideMPKsrcOvMPK_StringSearchc) + SIZEOF (.ModulesOverrideMPKsrcOvMPK_StringSearchc)))

.ModulesOverrideMPKsrcOvMPK_LoadMPKc
                0x00000000800101bc    0x24494 load address 0x000000008019b0e8
                0x000000008003442c                . = (. + 0x24270)
 *fill*         0x00000000800101bc    0x24270 
 ../../Modules/OverrideMPK/src/OvMPK_LoadMPK.o(.text)
 .text          0x000000008003442c        0x0 ../../Modules/OverrideMPK/src/OvMPK_LoadMPK.o
 ../../Modules/OverrideMPK/src/OvMPK_LoadMPK.o(.text.startup._GLOBAL__*)
 ../../Modules/OverrideMPK/src/OvMPK_LoadMPK.o(.text.*)
 .text.New_LOAD_DriverMPK
                0x000000008003442c      0x224 ../../Modules/OverrideMPK/src/OvMPK_LoadMPK.o
                0x000000008003442c                New_LOAD_DriverMPK
 ../../Modules/OverrideMPK/src/OvMPK_LoadMPK.o(.rodata*)
 ../../Modules/OverrideMPK/src/OvMPK_LoadMPK.o(.sdata*)
 ../../Modules/OverrideMPK/src/OvMPK_LoadMPK.o(.data*)
 .data          0x0000000080034650        0x0 ../../Modules/OverrideMPK/src/OvMPK_LoadMPK.o
 ../../Modules/OverrideMPK/src/OvMPK_LoadMPK.o(.sbss*)
 ../../Modules/OverrideMPK/src/OvMPK_LoadMPK.o(.bss*)
 .bss           0x0000000080034650        0x0 ../../Modules/OverrideMPK/src/OvMPK_LoadMPK.o
 ../../Modules/OverrideMPK/src/OvMPK_LoadMPK.o(.ctors)
                0x0000000080034650                . = ALIGN (0x4)
                0x0000000080010be8                __ovr_end = .
                [!provide]                        PROVIDE (__load_start_ModulesOverrideMPKsrcOvMPK_LoadMPKc = LOADADDR (.ModulesOverrideMPKsrcOvMPK_LoadMPKc))
                [!provide]                        PROVIDE (__load_stop_ModulesOverrideMPKsrcOvMPK_LoadMPKc = (LOADADDR (.ModulesOverrideMPKsrcOvMPK_LoadMPKc) + SIZEOF (.ModulesOverrideMPKsrcOvMPK_LoadMPKc)))

.ModulesCharacterRandomizersrcChRand_hook1Ps
                0x00000000800101bc    0x24224 load address 0x00000000801bf57c
                0x00000000800343dc                . = (. + 0x24220)
 *fill*         0x00000000800101bc    0x24220 
 ../../Modules/CharacterRandomizer/src/ChRand_hook1P.o(.text)
 .text          0x00000000800343dc        0x4 ../../Modules/CharacterRandomizer/src/ChRand_hook1P.o
 ../../Modules/CharacterRandomizer/src/ChRand_hook1P.o(.text.startup._GLOBAL__*)
 ../../Modules/CharacterRandomizer/src/ChRand_hook1P.o(.text.*)
 ../../Modules/CharacterRandomizer/src/ChRand_hook1P.o(.rodata*)
 ../../Modules/CharacterRandomizer/src/ChRand_hook1P.o(.sdata*)
 ../../Modules/CharacterRandomizer/src/ChRand_hook1P.o(.data*)
 .data          0x00000000800343e0        0x0 ../../Modules/CharacterRandomizer/src/ChRand_hook1P.o
 ../../Modules/CharacterRandomizer/src/ChRand_hook1P.o(.sbss*)
 ../../Modules/CharacterRandomizer/src/ChRand_hook1P.o(.bss*)
 .bss           0x00000000800343e0        0x0 ../../Modules/CharacterRandomizer/src/ChRand_hook1P.o
 ../../Modules/CharacterRandomizer/src/ChRand_hook1P.o(.ctors)
                0x00000000800343e0                . = ALIGN (0x4)
                0x0000000080010be8                __ovr_end = .
                [!provide]                        PROVIDE (__load_start_ModulesCharacterRandomizersrcChRand_hook1Ps = LOADADDR (.ModulesCharacterRandomizersrcChRand_hook1Ps))
                [!provide]                        PROVIDE (__load_stop_ModulesCharacterRandomizersrcChRand_hook1Ps = (LOADADDR (.ModulesCharacterRandomizersrcChRand_hook1Ps) + SIZEOF (.ModulesCharacterRandomizersrcChRand_hook1Ps)))

.ModulesCharacterRandomizersrcChRand_hook2Ps
                0x00000000800101bc    0x24148 load address 0x00000000801e37a0
                0x0000000080034300                . = (. + 0x24144)
 *fill*         0x00000000800101bc    0x24144 
 ../../Modules/CharacterRandomizer/src/ChRand_hook2P.o(.text)
 .text          0x0000000080034300        0x4 ../../Modules/CharacterRandomizer/src/ChRand_hook2P.o
 ../../Modules/CharacterRandomizer/src/ChRand_hook2P.o(.text.startup._GLOBAL__*)
 ../../Modules/CharacterRandomizer/src/ChRand_hook2P.o(.text.*)
 ../../Modules/CharacterRandomizer/src/ChRand_hook2P.o(.rodata*)
 ../../Modules/CharacterRandomizer/src/ChRand_hook2P.o(.sdata*)
 ../../Modules/CharacterRandomizer/src/ChRand_hook2P.o(.data*)
 .data          0x0000000080034304        0x0 ../../Modules/CharacterRandomizer/src/ChRand_hook2P.o
 ../../Modules/CharacterRandomizer/src/ChRand_hook2P.o(.sbss*)
 ../../Modules/CharacterRandomizer/src/ChRand_hook2P.o(.bss*)
 .bss           0x0000000080034304        0x0 ../../Modules/CharacterRandomizer/src/ChRand_hook2P.o
 ../../Modules/CharacterRandomizer/src/ChRand_hook2P.o(.ctors)
                0x0000000080034304                . = ALIGN (0x4)
                0x0000000080010be8                __ovr_end = .
                [!provide]                        PROVIDE (__load_start_ModulesCharacterRandomizersrcChRand_hook2Ps = LOADADDR (.ModulesCharacterRandomizersrcChRand_hook2Ps))
                [!provide]                        PROVIDE (__load_stop_ModulesCharacterRandomizersrcChRand_hook2Ps = (LOADADDR (.ModulesCharacterRandomizersrcChRand_hook2Ps) + SIZEOF (.ModulesCharacterRandomizersrcChRand_hook2Ps)))

.ModulesReservesMetersrcreserveshooks
                0x00000000800101bc    0x46d3c load address 0x00000000802078e8
                0x0000000080056ef4                . = (. + 0x46d38)
 *fill*         0x00000000800101bc    0x46d38 
 ../../Modules/ReservesMeter/src/reserveshook.o(.text)
 .text          0x0000000080056ef4        0x4 ../../Modules/ReservesMeter/src/reserveshook.o
 ../../Modules/ReservesMeter/src/reserveshook.o(.text.startup._GLOBAL__*)
 ../../Modules/ReservesMeter/src/reserveshook.o(.text.*)
 ../../Modules/ReservesMeter/src/reserveshook.o(.rodata*)
 ../../Modules/ReservesMeter/src/reserveshook.o(.sdata*)
 ../../Modules/ReservesMeter/src/reserveshook.o(.data*)
 .data          0x0000000080056ef8        0x0 ../../Modules/ReservesMeter/src/reserveshook.o
 ../../Modules/ReservesMeter/src/reserveshook.o(.sbss*)
 ../../Modules/ReservesMeter/src/reserveshook.o(.bss*)
 .bss           0x0000000080056ef8        0x0 ../../Modules/ReservesMeter/src/reserveshook.o
 ../../Modules/ReservesMeter/src/reserveshook.o(.ctors)
                0x0000000080056ef8                . = ALIGN (0x4)
                0x0000000080010be8                __ovr_end = .
                [!provide]                        PROVIDE (__load_start_ModulesReservesMetersrcreserveshooks = LOADADDR (.ModulesReservesMetersrcreserveshooks))
                [!provide]                        PROVIDE (__load_stop_ModulesReservesMetersrcreserveshooks = (LOADADDR (.ModulesReservesMetersrcreserveshooks) + SIZEOF (.ModulesReservesMetersrcreserveshooks)))

.ModulesRetro_FueledsrchookUpdates
                0x00000000800101bc     0x4724 load address 0x000000008024e624
                0x00000000800148dc                . = (. + 0x4720)
 *fill*         0x00000000800101bc     0x4720 
 ../../Modules/Retro-Fueled/src/hookUpdate.o(.text)
 .text          0x00000000800148dc        0x4 ../../Modules/Retro-Fueled/src/hookUpdate.o
 ../../Modules/Retro-Fueled/src/hookUpdate.o(.text.startup._GLOBAL__*)
 ../../Modules/Retro-Fueled/src/hookUpdate.o(.text.*)
 ../../Modules/Retro-Fueled/src/hookUpdate.o(.rodata*)
 ../../Modules/Retro-Fueled/src/hookUpdate.o(.sdata*)
 ../../Modules/Retro-Fueled/src/hookUpdate.o(.data*)
 .data          0x00000000800148e0        0x0 ../../Modules/Retro-Fueled/src/hookUpdate.o
 ../../Modules/Retro-Fueled/src/hookUpdate.o(.sbss*)
 ../../Modules/Retro-Fueled/src/hookUpdate.o(.bss*)
 .bss           0x00000000800148e0        0x0 ../../Modules/Retro-Fueled/src/hookUpdate.o
 ../../Modules/Retro-Fueled/src/hookUpdate.o(.ctors)
                0x00000000800148e0                . = ALIGN (0x4)
                0x0000000080010be8                __ovr_end = .
                [!provide]                        PROVIDE (__load_start_ModulesRetro_FueledsrchookUpdates = LOADADDR (.ModulesRetro_FueledsrchookUpdates))
                [!provide]                        PROVIDE (__load_stop_ModulesRetro_FueledsrchookUpdates = (LOADADDR (.ModulesRetro_FueledsrchookUpdates) + SIZEOF (.ModulesRetro_FueledsrchookUpdates)))

.ModulesRetro_FueledsrchookEntrys
                0x00000000800101bc    0x6a9f8 load address 0x0000000080252d48
                0x000000008007abb0                . = (. + 0x6a9f4)
 *fill*         0x00000000800101bc    0x6a9f4 
 ../../Modules/Retro-Fueled/src/hookEntry.o(.text)
 .text          0x000000008007abb0        0x4 ../../Modules/Retro-Fueled/src/hookEntry.o
 ../../Modules/Retro-Fueled/src/hookEntry.o(.text.startup._GLOBAL__*)
 ../../Modules/Retro-Fueled/src/hookEntry.o(.text.*)
 ../../Modules/Retro-Fueled/src/hookEntry.o(.rodata*)
 ../../Modules/Retro-Fueled/src/hookEntry.o(.sdata*)
 ../../Modules/Retro-Fueled/src/hookEntry.o(.data*)
 .data          0x000000008007abb4        0x0 ../../Modules/Retro-Fueled/src/hookEntry.o
 ../../Modules/Retro-Fueled/src/hookEntry.o(.sbss*)
 ../../Modules/Retro-Fueled/src/hookEntry.o(.bss*)
 .bss           0x000000008007abb4        0x0 ../../Modules/Retro-Fueled/src/hookEntry.o
 ../../Modules/Retro-Fueled/src/hookEntry.o(.ctors)
                0x000000008007abb4                . = ALIGN (0x4)
                0x0000000080010be8                __ovr_end = .
                [!provide]                        PROVIDE (__load_start_ModulesRetro_FueledsrchookEntrys = LOADADDR (.ModulesRetro_FueledsrchookEntrys))
                [!provide]                        PROVIDE (__load_stop_ModulesRetro_FueledsrchookEntrys = (LOADADDR (.ModulesRetro_FueledsrchookEntrys) + SIZEOF (.ModulesRetro_FueledsrchookEntrys)))

.ModulesRetro_FueledsrchookReserveCancelations
                0x00000000800101bc    0x54f58 load address 0x00000000802bd740
                0x0000000080065110                . = (. + 0x54f54)
 *fill*         0x00000000800101bc    0x54f54 
 ../../Modules/Retro-Fueled/src/hookReserveCancelation.o(.text)
 .text          0x0000000080065110        0x4 ../../Modules/Retro-Fueled/src/hookReserveCancelation.o
 ../../Modules/Retro-Fueled/src/hookReserveCancelation.o(.text.startup._GLOBAL__*)
 ../../Modules/Retro-Fueled/src/hookReserveCancelation.o(.text.*)
 ../../Modules/Retro-Fueled/src/hookReserveCancelation.o(.rodata*)
 ../../Modules/Retro-Fueled/src/hookReserveCancelation.o(.sdata*)
 ../../Modules/Retro-Fueled/src/hookReserveCancelation.o(.data*)
 .data          0x0000000080065114        0x0 ../../Modules/Retro-Fueled/src/hookReserveCancelation.o
 ../../Modules/Retro-Fueled/src/hookReserveCancelation.o(.sbss*)
 ../../Modules/Retro-Fueled/src/hookReserveCancelation.o(.bss*)
 .bss           0x0000000080065114        0x0 ../../Modules/Retro-Fueled/src/hookReserveCancelation.o
 ../../Modules/Retro-Fueled/src/hookReserveCancelation.o(.ctors)
                0x0000000080065114                . = ALIGN (0x4)
                0x0000000080010be8                __ovr_end = .
                [!provide]                        PROVIDE (__load_start_ModulesRetro_FueledsrchookReserveCancelations = LOADADDR (.ModulesRetro_FueledsrchookReserveCancelations))
                [!provide]                        PROVIDE (__load_stop_ModulesRetro_FueledsrchookReserveCancelations = (LOADADDR (.ModulesRetro_FueledsrchookReserveCancelations) + SIZEOF (.ModulesRetro_FueledsrchookReserveCancelations)))

.nops           0x00000000800101bc    0x54f60 load address 0x0000000080312698
                0x0000000080065118                . = (. + 0x54f5c)
 *fill*         0x00000000800101bc    0x54f5c 
 ../../../nop.o(.text)
 .text          0x0000000080065118        0x4 ../../../nop.o
 ../../../nop.o(.text.startup._GLOBAL__*)
 ../../../nop.o(.text.*)
 ../../../nop.o(.rodata*)
 ../../../nop.o(.sdata*)
 ../../../nop.o(.data*)
 .data          0x000000008006511c        0x0 ../../../nop.o
 ../../../nop.o(.sbss*)
 ../../../nop.o(.bss*)
 .bss           0x000000008006511c        0x0 ../../../nop.o
 ../../../nop.o(.ctors)
                0x000000008006511c                . = ALIGN (0x4)
                0x0000000080010be8                __ovr_end = .
                [!provide]                        PROVIDE (__load_start_nops = LOADADDR (.nops))
                [!provide]                        PROVIDE (__load_stop_nops = (LOADADDR (.nops) + SIZEOF (.nops)))

.ModulesReservesMetersrcTurbo_Increment_Retro_Fueledc
                0x00000000800101bc    0x4dd68 load address 0x00000000803675f8
                0x000000008005d984                . = (. + 0x4d7c8)
 *fill*         0x00000000800101bc    0x4d7c8 
 ../../Modules/ReservesMeter/src/Turbo_Increment_Retro-Fueled.o(.text)
 .text          0x000000008005d984        0x0 ../../Modules/ReservesMeter/src/Turbo_Increment_Retro-Fueled.o
 ../../Modules/ReservesMeter/src/Turbo_Increment_Retro-Fueled.o(.text.startup._GLOBAL__*)
 ../../Modules/ReservesMeter/src/Turbo_Increment_Retro-Fueled.o(.text.*)
 .text.DECOMP_Turbo_Increment
                0x000000008005d984      0x5a0 ../../Modules/ReservesMeter/src/Turbo_Increment_Retro-Fueled.o
                0x000000008005d984                DECOMP_Turbo_Increment
 ../../Modules/ReservesMeter/src/Turbo_Increment_Retro-Fueled.o(.rodata*)
 ../../Modules/ReservesMeter/src/Turbo_Increment_Retro-Fueled.o(.sdata*)
 ../../Modules/ReservesMeter/src/Turbo_Increment_Retro-Fueled.o(.data*)
 .data          0x000000008005df24        0x0 ../../Modules/ReservesMeter/src/Turbo_Increment_Retro-Fueled.o
 ../../Modules/ReservesMeter/src/Turbo_Increment_Retro-Fueled.o(.sbss*)
 ../../Modules/ReservesMeter/src/Turbo_Increment_Retro-Fueled.o(.bss*)
 .bss           0x000000008005df24        0x0 ../../Modules/ReservesMeter/src/Turbo_Increment_Retro-Fueled.o
 ../../Modules/ReservesMeter/src/Turbo_Increment_Retro-Fueled.o(.ctors)
                0x000000008005df24                . = ALIGN (0x4)
                0x0000000080010be8                __ovr_end = .
                [!provide]                        PROVIDE (__load_start_ModulesReservesMetersrcTurbo_Increment_Retro_Fueledc = LOADADDR (.ModulesReservesMetersrcTurbo_Increment_Retro_Fueledc))
                [!provide]                        PROVIDE (__load_stop_ModulesReservesMetersrcTurbo_Increment_Retro_Fueledc = (LOADADDR (.ModulesReservesMetersrcTurbo_Increment_Retro_Fueledc) + SIZEOF (.ModulesReservesMetersrcTurbo_Increment_Retro_Fueledc)))

.PatchesFixAdventureModeCharacterSelectArrowssrcDecalHUD_Arrow2Dc
                0x00000000800101bc    0x14be4 load address 0x00000000803b5360
                0x0000000080024b18                . = (. + 0x1495c)
 *fill*         0x00000000800101bc    0x1495c 
 ../../Patches/FixAdventureModeCharacterSelectArrows/src/DecalHUD_Arrow2D.o(.text)
 .text          0x0000000080024b18        0x0 ../../Patches/FixAdventureModeCharacterSelectArrows/src/DecalHUD_Arrow2D.o
 ../../Patches/FixAdventureModeCharacterSelectArrows/src/DecalHUD_Arrow2D.o(.text.startup._GLOBAL__*)
 ../../Patches/FixAdventureModeCharacterSelectArrows/src/DecalHUD_Arrow2D.o(.text.*)
 .text.DecalHUD_Arrow2D_ButItsFixed
                0x0000000080024b18      0x288 ../../Patches/FixAdventureModeCharacterSelectArrows/src/DecalHUD_Arrow2D.o
                0x0000000080024b18                DecalHUD_Arrow2D_ButItsFixed
 ../../Patches/FixAdventureModeCharacterSelectArrows/src/DecalHUD_Arrow2D.o(.rodata*)
 ../../Patches/FixAdventureModeCharacterSelectArrows/src/DecalHUD_Arrow2D.o(.sdata*)
 ../../Patches/FixAdventureModeCharacterSelectArrows/src/DecalHUD_Arrow2D.o(.data*)
 .data          0x0000000080024da0        0x0 ../../Patches/FixAdventureModeCharacterSelectArrows/src/DecalHUD_Arrow2D.o
 ../../Patches/FixAdventureModeCharacterSelectArrows/src/DecalHUD_Arrow2D.o(.sbss*)
 ../../Patches/FixAdventureModeCharacterSelectArrows/src/DecalHUD_Arrow2D.o(.bss*)
 .bss           0x0000000080024da0        0x0 ../../Patches/FixAdventureModeCharacterSelectArrows/src/DecalHUD_Arrow2D.o
 ../../Patches/FixAdventureModeCharacterSelectArrows/src/DecalHUD_Arrow2D.o(.ctors)
                0x0000000080024da0                . = ALIGN (0x4)
                0x0000000080010be8                __ovr_end = .
                [!provide]                        PROVIDE (__load_start_PatchesFixAdventureModeCharacterSelectArrowssrcDecalHUD_Arrow2Dc = LOADADDR (.PatchesFixAdventureModeCharacterSelectArrowssrcDecalHUD_Arrow2Dc))
                [!provide]                        PROVIDE (__load_stop_PatchesFixAdventureModeCharacterSelectArrowssrcDecalHUD_Arrow2Dc = (LOADADDR (.PatchesFixAdventureModeCharacterSelectArrowssrcDecalHUD_Arrow2Dc) + SIZEOF (.PatchesFixAdventureModeCharacterSelectArrowssrcDecalHUD_Arrow2Dc)))

.ModulesEngineSelectsrcES_hookClassNames
                0x00000000800101bc    0xab10c load address 0x00000000803c9f44
                0x00000000800bb2c4                . = (. + 0xab108)
 *fill*         0x00000000800101bc    0xab108 
 ../../Modules/EngineSelect/src/ES_hookClassName.o(.text)
 .text          0x00000000800bb2c4        0x4 ../../Modules/EngineSelect/src/ES_hookClassName.o
 ../../Modules/EngineSelect/src/ES_hookClassName.o(.text.startup._GLOBAL__*)
 ../../Modules/EngineSelect/src/ES_hookClassName.o(.text.*)
 ../../Modules/EngineSelect/src/ES_hookClassName.o(.rodata*)
 ../../Modules/EngineSelect/src/ES_hookClassName.o(.sdata*)
 ../../Modules/EngineSelect/src/ES_hookClassName.o(.data*)
 .data          0x00000000800bb2c8        0x0 ../../Modules/EngineSelect/src/ES_hookClassName.o
 ../../Modules/EngineSelect/src/ES_hookClassName.o(.sbss*)
 ../../Modules/EngineSelect/src/ES_hookClassName.o(.bss*)
 .bss           0x00000000800bb2c8        0x0 ../../Modules/EngineSelect/src/ES_hookClassName.o
 ../../Modules/EngineSelect/src/ES_hookClassName.o(.ctors)
                0x00000000800bb2c8                . = ALIGN (0x4)
                0x0000000080010be8                __ovr_end = .
                [!provide]                        PROVIDE (__load_start_ModulesEngineSelectsrcES_hookClassNames = LOADADDR (.ModulesEngineSelectsrcES_hookClassNames))
                [!provide]                        PROVIDE (__load_stop_ModulesEngineSelectsrcES_hookClassNames = (LOADADDR (.ModulesEngineSelectsrcES_hookClassNames) + SIZEOF (.ModulesEngineSelectsrcES_hookClassNames)))

.ModulesEngineSelectsrcES_nop233s
                0x00000000800101bc    0xab898 load address 0x0000000080475050
                0x00000000800bba50                . = (. + 0xab894)
 *fill*         0x00000000800101bc    0xab894 
 ../../Modules/EngineSelect/src/ES_nop233.o(.text)
 .text          0x00000000800bba50        0x4 ../../Modules/EngineSelect/src/ES_nop233.o
 ../../Modules/EngineSelect/src/ES_nop233.o(.text.startup._GLOBAL__*)
 ../../Modules/EngineSelect/src/ES_nop233.o(.text.*)
 ../../Modules/EngineSelect/src/ES_nop233.o(.rodata*)
 ../../Modules/EngineSelect/src/ES_nop233.o(.sdata*)
 ../../Modules/EngineSelect/src/ES_nop233.o(.data*)
 .data          0x00000000800bba54        0x0 ../../Modules/EngineSelect/src/ES_nop233.o
 ../../Modules/EngineSelect/src/ES_nop233.o(.sbss*)
 ../../Modules/EngineSelect/src/ES_nop233.o(.bss*)
 .bss           0x00000000800bba54        0x0 ../../Modules/EngineSelect/src/ES_nop233.o
 ../../Modules/EngineSelect/src/ES_nop233.o(.ctors)
                0x00000000800bba54                . = ALIGN (0x4)
                0x0000000080010be8                __ovr_end = .
                [!provide]                        PROVIDE (__load_start_ModulesEngineSelectsrcES_nop233s = LOADADDR (.ModulesEngineSelectsrcES_nop233s))
                [!provide]                        PROVIDE (__load_stop_ModulesEngineSelectsrcES_nop233s = (LOADADDR (.ModulesEngineSelectsrcES_nop233s) + SIZEOF (.ModulesEngineSelectsrcES_nop233s)))

.ModulesEngineSelectsrcES_hook233s
                0x00000000800101bc    0xabb44 load address 0x00000000805208e8
                0x00000000800bbcfc                . = (. + 0xabb40)
 *fill*         0x00000000800101bc    0xabb40 
 ../../Modules/EngineSelect/src/ES_hook233.o(.text)
 .text          0x00000000800bbcfc        0x4 ../../Modules/EngineSelect/src/ES_hook233.o
 ../../Modules/EngineSelect/src/ES_hook233.o(.text.startup._GLOBAL__*)
 ../../Modules/EngineSelect/src/ES_hook233.o(.text.*)
 ../../Modules/EngineSelect/src/ES_hook233.o(.rodata*)
 ../../Modules/EngineSelect/src/ES_hook233.o(.sdata*)
 ../../Modules/EngineSelect/src/ES_hook233.o(.data*)
 .data          0x00000000800bbd00        0x0 ../../Modules/EngineSelect/src/ES_hook233.o
 ../../Modules/EngineSelect/src/ES_hook233.o(.sbss*)
 ../../Modules/EngineSelect/src/ES_hook233.o(.bss*)
 .bss           0x00000000800bbd00        0x0 ../../Modules/EngineSelect/src/ES_hook233.o
 ../../Modules/EngineSelect/src/ES_hook233.o(.ctors)
                0x00000000800bbd00                . = ALIGN (0x4)
                0x0000000080010be8                __ovr_end = .
                [!provide]                        PROVIDE (__load_start_ModulesEngineSelectsrcES_hook233s = LOADADDR (.ModulesEngineSelectsrcES_hook233s))
                [!provide]                        PROVIDE (__load_stop_ModulesEngineSelectsrcES_hook233s = (LOADADDR (.ModulesEngineSelectsrcES_hook233s) + SIZEOF (.ModulesEngineSelectsrcES_hook233s)))

.ModulesEngineSelectsrcES_233c
                0x00000000800101bc    0xad154 load address 0x00000000805cc42c
                0x00000000800bd00c                . = (. + 0xace50)
 *fill*         0x00000000800101bc    0xace50 
 ../../Modules/EngineSelect/src/ES_233.o(.text)
 .text          0x00000000800bd00c        0x0 ../../Modules/EngineSelect/src/ES_233.o
 ../../Modules/EngineSelect/src/ES_233.o(.text.startup._GLOBAL__*)
 ../../Modules/EngineSelect/src/ES_233.o(.text.*)
 .text.AdvBoss  0x00000000800bd00c       0xd8 ../../Modules/EngineSelect/src/ES_233.o
                0x00000000800bd00c                AdvBoss
 .text.AdvEngine
                0x00000000800bd0e4      0x114 ../../Modules/EngineSelect/src/ES_233.o
                0x00000000800bd0e4                AdvEngine
 .text.CS_DrawEngine
                0x00000000800bd1f8       0x38 ../../Modules/EngineSelect/src/ES_233.o
                0x00000000800bd1f8                CS_DrawEngine
 .text.AdvSelectUpdateLoop
                0x00000000800bd230       0x48 ../../Modules/EngineSelect/src/ES_233.o
                0x00000000800bd230                AdvSelectUpdateLoop
 ../../Modules/EngineSelect/src/ES_233.o(.rodata*)
 .rodata.str1.4
                0x00000000800bd278       0x44 ../../Modules/EngineSelect/src/ES_233.o
 ../../Modules/EngineSelect/src/ES_233.o(.sdata*)
 ../../Modules/EngineSelect/src/ES_233.o(.data*)
 .data          0x00000000800bd2bc       0x50 ../../Modules/EngineSelect/src/ES_233.o
 ../../Modules/EngineSelect/src/ES_233.o(.sbss*)
 .sbss          0x00000000800bd30c        0x4 ../../Modules/EngineSelect/src/ES_233.o
 ../../Modules/EngineSelect/src/ES_233.o(.bss*)
 .bss           0x00000000800bd310        0x0 ../../Modules/EngineSelect/src/ES_233.o
 ../../Modules/EngineSelect/src/ES_233.o(.ctors)
                0x00000000800bd310                . = ALIGN (0x4)
                0x0000000080010be8                __ovr_end = .
                [!provide]                        PROVIDE (__load_start_ModulesEngineSelectsrcES_233c = LOADADDR (.ModulesEngineSelectsrcES_233c))
                [!provide]                        PROVIDE (__load_stop_ModulesEngineSelectsrcES_233c = (LOADADDR (.ModulesEngineSelectsrcES_233c) + SIZEOF (.ModulesEngineSelectsrcES_233c)))

.ModulesEngineSelectsrcES_nop230s
                0x00000000800101bc    0xa2558 load address 0x0000000080679580
                0x00000000800b2710                . = (. + 0xa2554)
 *fill*         0x00000000800101bc    0xa2554 
 ../../Modules/EngineSelect/src/ES_nop230.o(.text)
 .text          0x00000000800b2710        0x4 ../../Modules/EngineSelect/src/ES_nop230.o
 ../../Modules/EngineSelect/src/ES_nop230.o(.text.startup._GLOBAL__*)
 ../../Modules/EngineSelect/src/ES_nop230.o(.text.*)
 ../../Modules/EngineSelect/src/ES_nop230.o(.rodata*)
 ../../Modules/EngineSelect/src/ES_nop230.o(.sdata*)
 ../../Modules/EngineSelect/src/ES_nop230.o(.data*)
 .data          0x00000000800b2714        0x0 ../../Modules/EngineSelect/src/ES_nop230.o
 ../../Modules/EngineSelect/src/ES_nop230.o(.sbss*)
 ../../Modules/EngineSelect/src/ES_nop230.o(.bss*)
 .bss           0x00000000800b2714        0x0 ../../Modules/EngineSelect/src/ES_nop230.o
 ../../Modules/EngineSelect/src/ES_nop230.o(.ctors)
                0x00000000800b2714                . = ALIGN (0x4)
                0x0000000080010be8                __ovr_end = .
                [!provide]                        PROVIDE (__load_start_ModulesEngineSelectsrcES_nop230s = LOADADDR (.ModulesEngineSelectsrcES_nop230s))
                [!provide]                        PROVIDE (__load_stop_ModulesEngineSelectsrcES_nop230s = (LOADADDR (.ModulesEngineSelectsrcES_nop230s) + SIZEOF (.ModulesEngineSelectsrcES_nop230s)))

.ModulesEngineSelectsrcES_hookCharacterNames
                0x00000000800101bc    0xa2bec load address 0x000000008071bad8
                0x00000000800b2da4                . = (. + 0xa2be8)
 *fill*         0x00000000800101bc    0xa2be8 
 ../../Modules/EngineSelect/src/ES_hookCharacterName.o(.text)
 .text          0x00000000800b2da4        0x4 ../../Modules/EngineSelect/src/ES_hookCharacterName.o
 ../../Modules/EngineSelect/src/ES_hookCharacterName.o(.text.startup._GLOBAL__*)
 ../../Modules/EngineSelect/src/ES_hookCharacterName.o(.text.*)
 ../../Modules/EngineSelect/src/ES_hookCharacterName.o(.rodata*)
 ../../Modules/EngineSelect/src/ES_hookCharacterName.o(.sdata*)
 ../../Modules/EngineSelect/src/ES_hookCharacterName.o(.data*)
 .data          0x00000000800b2da8        0x0 ../../Modules/EngineSelect/src/ES_hookCharacterName.o
 ../../Modules/EngineSelect/src/ES_hookCharacterName.o(.sbss*)
 ../../Modules/EngineSelect/src/ES_hookCharacterName.o(.bss*)
 .bss           0x00000000800b2da8        0x0 ../../Modules/EngineSelect/src/ES_hookCharacterName.o
 ../../Modules/EngineSelect/src/ES_hookCharacterName.o(.ctors)
                0x00000000800b2da8                . = ALIGN (0x4)
                0x0000000080010be8                __ovr_end = .
                [!provide]                        PROVIDE (__load_start_ModulesEngineSelectsrcES_hookCharacterNames = LOADADDR (.ModulesEngineSelectsrcES_hookCharacterNames))
                [!provide]                        PROVIDE (__load_stop_ModulesEngineSelectsrcES_hookCharacterNames = (LOADADDR (.ModulesEngineSelectsrcES_hookCharacterNames) + SIZEOF (.ModulesEngineSelectsrcES_hookCharacterNames)))

.ModulesEngineSelectsrcES_hook230s
                0x00000000800101bc    0xa2f80 load address 0x00000000807be6c4
                0x00000000800b3138                . = (. + 0xa2f7c)
 *fill*         0x00000000800101bc    0xa2f7c 
 ../../Modules/EngineSelect/src/ES_hook230.o(.text)
 .text          0x00000000800b3138        0x4 ../../Modules/EngineSelect/src/ES_hook230.o
 ../../Modules/EngineSelect/src/ES_hook230.o(.text.startup._GLOBAL__*)
 ../../Modules/EngineSelect/src/ES_hook230.o(.text.*)
 ../../Modules/EngineSelect/src/ES_hook230.o(.rodata*)
 ../../Modules/EngineSelect/src/ES_hook230.o(.sdata*)
 ../../Modules/EngineSelect/src/ES_hook230.o(.data*)
 .data          0x00000000800b313c        0x0 ../../Modules/EngineSelect/src/ES_hook230.o
 ../../Modules/EngineSelect/src/ES_hook230.o(.sbss*)
 ../../Modules/EngineSelect/src/ES_hook230.o(.bss*)
 .bss           0x00000000800b313c        0x0 ../../Modules/EngineSelect/src/ES_hook230.o
 ../../Modules/EngineSelect/src/ES_hook230.o(.ctors)
                0x00000000800b313c                . = ALIGN (0x4)
                0x0000000080010be8                __ovr_end = .
                [!provide]                        PROVIDE (__load_start_ModulesEngineSelectsrcES_hook230s = LOADADDR (.ModulesEngineSelectsrcES_hook230s))
                [!provide]                        PROVIDE (__load_stop_ModulesEngineSelectsrcES_hook230s = (LOADADDR (.ModulesEngineSelectsrcES_hook230s) + SIZEOF (.ModulesEngineSelectsrcES_hook230s)))

.ModulesEngineSelectsrcES_230c
                0x00000000800101bc    0xaab1c load address 0x0000000080861644
                0x00000000800ba8e0                . = (. + 0xaa724)
 *fill*         0x00000000800101bc    0xaa724 
 ../../Modules/EngineSelect/src/ES_230.o(.text)
 .text          0x00000000800ba8e0        0x0 ../../Modules/EngineSelect/src/ES_230.o
 ../../Modules/EngineSelect/src/ES_230.o(.text.startup._GLOBAL__*)
 ../../Modules/EngineSelect/src/ES_230.o(.text.*)
 .text.MainCharacterSelect
                0x00000000800ba8e0      0x128 ../../Modules/EngineSelect/src/ES_230.o
                0x00000000800ba8e0                MainCharacterSelect
 .text.NewCharacterNameString
                0x00000000800baa08      0x194 ../../Modules/EngineSelect/src/ES_230.o
                0x00000000800baa08                NewCharacterNameString
 .text.EngineSelectUpdateLoop
                0x00000000800bab9c       0x9c ../../Modules/EngineSelect/src/ES_230.o
                0x00000000800bab9c                EngineSelectUpdateLoop
 ../../Modules/EngineSelect/src/ES_230.o(.rodata*)
 ../../Modules/EngineSelect/src/ES_230.o(.sdata*)
 ../../Modules/EngineSelect/src/ES_230.o(.data*)
 .data          0x00000000800bac38       0xa0 ../../Modules/EngineSelect/src/ES_230.o
 ../../Modules/EngineSelect/src/ES_230.o(.sbss*)
 ../../Modules/EngineSelect/src/ES_230.o(.bss*)
 .bss           0x00000000800bacd8        0x0 ../../Modules/EngineSelect/src/ES_230.o
 ../../Modules/EngineSelect/src/ES_230.o(.ctors)
                0x00000000800bacd8                . = ALIGN (0x4)
                0x0000000080010be8                __ovr_end = .
                [!provide]                        PROVIDE (__load_start_ModulesEngineSelectsrcES_230c = LOADADDR (.ModulesEngineSelectsrcES_230c))
                [!provide]                        PROVIDE (__load_stop_ModulesEngineSelectsrcES_230c = (LOADADDR (.ModulesEngineSelectsrcES_230c) + SIZEOF (.ModulesEngineSelectsrcES_230c)))

.ModulesRetro_Fueledsrcmainc
                0x00000000800101bc      0xa2c load address 0x000000008090c160
 ../../Modules/Retro-Fueled/src/main.o(.text)
 .text          0x00000000800101bc       0x98 ../../Modules/Retro-Fueled/src/main.o
                0x00000000800101bc                ReserveCancelation
 ../../Modules/Retro-Fueled/src/main.o(.text.startup._GLOBAL__*)
 ../../Modules/Retro-Fueled/src/main.o(.text.*)
 .text.InjectBlueFire
                0x0000000080010254       0x5c ../../Modules/Retro-Fueled/src/main.o
                0x0000000080010254                InjectBlueFire
 .text.InjectRedFire
                0x00000000800102b0       0x58 ../../Modules/Retro-Fueled/src/main.o
                0x00000000800102b0                InjectRedFire
 .text.HookReserveCancelation
                0x0000000080010308       0x84 ../../Modules/Retro-Fueled/src/main.o
                0x0000000080010308                HookReserveCancelation
 .text.RunUpdateHook
                0x000000008001038c       0x60 ../../Modules/Retro-Fueled/src/main.o
                0x000000008001038c                RunUpdateHook
 ../../Modules/Retro-Fueled/src/main.o(.rodata*)
 ../../Modules/Retro-Fueled/src/main.o(.sdata*)
 .sdata         0x00000000800103ec        0x4 ../../Modules/Retro-Fueled/src/main.o
                0x00000000800103ec                holdingX_withReserves
 ../../Modules/Retro-Fueled/src/main.o(.data*)
 .data          0x00000000800103f0       0x90 ../../Modules/Retro-Fueled/src/main.o
                0x00000000800103f0                redFlames_clut
                0x0000000080010410                blueFlames_clut
                0x0000000080010430                redPlumes_clut
                0x0000000080010450                bluePlumes_clut
                0x0000000080010470                flames_pos
                0x0000000080010478                plumes_pos
 ../../Modules/Retro-Fueled/src/main.o(.sbss*)
 .sbss          0x0000000080010480        0x1 ../../Modules/Retro-Fueled/src/main.o
                0x0000000080010480                blueFire
 ../../Modules/Retro-Fueled/src/main.o(.bss*)
 *fill*         0x0000000080010481        0x3 
 .bss           0x0000000080010484        0x0 ../../Modules/Retro-Fueled/src/main.o
 ../../Modules/Retro-Fueled/src/main.o(.ctors)
 ../../Modules/Retro-Fueled/src/texturereplacements.o(.text)
 .text          0x0000000080010484        0x0 ../../Modules/Retro-Fueled/src/texturereplacements.o
 ../../Modules/Retro-Fueled/src/texturereplacements.o(.text.startup._GLOBAL__*)
 ../../Modules/Retro-Fueled/src/texturereplacements.o(.text.*)
 .text.LoadFile_CustomTextures
                0x0000000080010484       0x70 ../../Modules/Retro-Fueled/src/texturereplacements.o
                0x0000000080010484                LoadFile_CustomTextures
 .text.LoadCustomTexVRAM_MainMenu
                0x00000000800104f4      0x304 ../../Modules/Retro-Fueled/src/texturereplacements.o
                0x00000000800104f4                LoadCustomTexVRAM_MainMenu
 ../../Modules/Retro-Fueled/src/texturereplacements.o(.rodata*)
 .rodata.str1.4
                0x00000000800107f8       0x2c ../../Modules/Retro-Fueled/src/texturereplacements.o
 ../../Modules/Retro-Fueled/src/texturereplacements.o(.sdata*)
 ../../Modules/Retro-Fueled/src/texturereplacements.o(.data*)
 .data          0x0000000080010824        0x0 ../../Modules/Retro-Fueled/src/texturereplacements.o
 ../../Modules/Retro-Fueled/src/texturereplacements.o(.sbss*)
 .sbss          0x0000000080010824        0x8 ../../Modules/Retro-Fueled/src/texturereplacements.o
                0x0000000080010824                bannerTex
                0x0000000080010828                bannerTexPos
 ../../Modules/Retro-Fueled/src/texturereplacements.o(.bss*)
 .bss           0x000000008001082c        0x0 ../../Modules/Retro-Fueled/src/texturereplacements.o
 ../../Modules/Retro-Fueled/src/texturereplacements.o(.ctors)
 ../../Modules/CharacterRandomizer/src/ChRand_main.o(.text)
 .text          0x000000008001082c        0x0 ../../Modules/CharacterRandomizer/src/ChRand_main.o
 ../../Modules/CharacterRandomizer/src/ChRand_main.o(.text.startup._GLOBAL__*)
 ../../Modules/CharacterRandomizer/src/ChRand_main.o(.text.*)
 .text.ChRand_Repeat
                0x000000008001082c       0x40 ../../Modules/CharacterRandomizer/src/ChRand_main.o
                0x000000008001082c                ChRand_Repeat
 .text.ChRand_SetCharacters
                0x000000008001086c       0xe4 ../../Modules/CharacterRandomizer/src/ChRand_main.o
                0x000000008001086c                ChRand_SetCharacters
 ../../Modules/CharacterRandomizer/src/ChRand_main.o(.rodata*)
 ../../Modules/CharacterRandomizer/src/ChRand_main.o(.sdata*)
 ../../Modules/CharacterRandomizer/src/ChRand_main.o(.data*)
 .data          0x0000000080010950        0x0 ../../Modules/CharacterRandomizer/src/ChRand_main.o
 ../../Modules/CharacterRandomizer/src/ChRand_main.o(.sbss*)
 ../../Modules/CharacterRandomizer/src/ChRand_main.o(.bss*)
 .bss           0x0000000080010950        0x0 ../../Modules/CharacterRandomizer/src/ChRand_main.o
 ../../Modules/CharacterRandomizer/src/ChRand_main.o(.ctors)
 ../../Modules/ReservesMeter/src/main.o(.text)
 .text          0x0000000080010950        0x0 ../../Modules/ReservesMeter/src/main.o
 ../../Modules/ReservesMeter/src/main.o(.text.startup._GLOBAL__*)
 ../../Modules/ReservesMeter/src/main.o(.text.*)
 .text.DrawReservesMeter
                0x0000000080010950      0x24c ../../Modules/ReservesMeter/src/main.o
                0x0000000080010950                DrawReservesMeter
 .text.ICantBelieveItTookNearly23YearsToMakeThis
                0x0000000080010b9c       0x4c ../../Modules/ReservesMeter/src/main.o
                0x0000000080010b9c                ICantBelieveItTookNearly23YearsToMakeThis
 ../../Modules/ReservesMeter/src/main.o(.rodata*)
 ../../Modules/ReservesMeter/src/main.o(.sdata*)
 ../../Modules/ReservesMeter/src/main.o(.data*)
 .data          0x0000000080010be8        0x0 ../../Modules/ReservesMeter/src/main.o
 ../../Modules/ReservesMeter/src/main.o(.sbss*)
 ../../Modules/ReservesMeter/src/main.o(.bss*)
 .bss           0x0000000080010be8        0x0 ../../Modules/ReservesMeter/src/main.o
 ../../Modules/ReservesMeter/src/main.o(.ctors)
                0x0000000080010be8                . = ALIGN (0x4)
                0x0000000080010be8                __ovr_end = .
                [!provide]                        PROVIDE (__load_start_ModulesRetro_Fueledsrcmainc = LOADADDR (.ModulesRetro_Fueledsrcmainc))
                [!provide]                        PROVIDE (__load_stop_ModulesRetro_Fueledsrcmainc = (LOADADDR (.ModulesRetro_Fueledsrcmainc) + SIZEOF (.ModulesRetro_Fueledsrcmainc)))
                0x0000000080010000                rdata = 0x80010000
                0x00000000800101bc                rdata_free = 0x800101bc
                0x0000000080012504                ANTICHIP_GetConsoleRegion = 0x80012504
                0x0000000080012570                ANTICHIP_CheckFraud_Entry = 0x80012570
                0x0000000080012ea8                ANTICHIP_CheckFraud_CdromRegs1 = 0x80012ea8
                0x000000008001307c                ANTICHIP_CheckFraud_CdromRegs2 = 0x8001307c
                0x000000008001316c                ANTICHIP_TerminateGame = 0x8001316c
                0x00000000800132d8                ANTICHIP_DrawFrame = 0x800132d8
                0x000000008001344c                ANTICHIP_DrawCharacter = 0x8001344c
                0x0000000080013600                ANTICHIP_GetStringPixelLength = 0x80013600
                0x0000000080013694                ANTICHIP_DrawRedIcon = 0x80013694
                0x0000000080013824                BOTS_SetGlobalNavData = 0x80013824
                0x0000000080013884                BOTS_InitNavPath = 0x80013884
                0x00000000800139a4                BOTS_EmptyFunc = 0x800139a4
                0x00000000800139ac                BOTS_Adv_NumTimesLostEvent = 0x800139ac
                0x00000000800139dc                BOTS_Adv_AdjustDifficulty = 0x800139dc
                0x0000000080014814                BOTS_UpdateGlobals = 0x80014814
                0x00000000800148e4                BOTS_SetRotation = 0x800148e4
                0x0000000080014a80                BOTS_ExecuteFuncOnApproach = 0x80014a80
                0x0000000080014bd4                BOTS_PerFrame_EngineRevving = 0x80014bd4
                0x0000000080014ce0                BOTS_MaskGrab = 0x80014ce0
                0x0000000080014f18                BOTS_Killplane = 0x80014f18
                0x00000000800150c0                BOTS_PerFrame_Drive = 0x800150c0
                0x0000000080017f9c                BOTS_ChangeState = 0x80017f9c
                0x0000000080018364                BOTS_CollideWithOtherAI = 0x80018364
                0x00000000800184c8                BOTS_GotoStartingLine = 0x800184c8
                0x0000000080018600                BOTS_Driver_Init = 0x80018600
                0x00000000800187b4                BOTS_Driver_Convert = 0x800187b4
                0x0000000080018a68                CAM_SkyboxGlow = 0x80018a68
                0x0000000080019ab8                CAM_ClearScreen = 0x80019ab8
                0x0000000080019cb4                CAM_Init = 0x80019cb4
                0x0000000080019d44                CAM_FindClosestQuadblock = 0x80019d44
                0x0000000080019fb4                CAM_Path_GetNumPoints = 0x80019fb4
                0x000000008001a03c                CAM_Path_Move = 0x8001a03c
                0x000000008001a1bc                CAM_StartOfRace = 0x8001a1bc
                0x000000008001a238                CAM_EndOfRace_Battle = 0x8001a238
                0x000000008001a2d4                CAM_EndOfRace = 0x8001a2d4
                0x000000008001a35c                CAM_StartLine_FlyIn_FixY = 0x8001a35c
                0x000000008001a488                CAM_ProcessTransition = 0x8001a488
                0x000000008001a5c4                CAM_FollowDriver_AngleAxis = 0x8001a5c4
                0x000000008001a964                CAM_StartLine_FlyIn = 0x8001a964
                0x000000008001ad94                CAM_FollowDriver_TrackPath = 0x8001ad94
                0x000000008001b318                CAM_LookAtPosition = 0x8001b318
                0x000000008001b3f4                CAM_FollowDriver_Spin360 = 0x8001b3f4
                0x000000008001b4f0                CAM_SetDesiredPosRot = 0x8001b4f0
                0x000000008001b558                CAM_FollowDriver_Normal = 0x8001b558
                0x000000008001c6f0                CAM_MapRange_PosPoints = 0x8001c6f0
                0x000000008001c7d0                CAM_PerFrame = 0x8001c7d0
                0x000000008001d7fc                CDSYS_Init = 0x8001d7fc
                0x000000008001d8bc                CDSYS_GetFilePosInt = 0x8001d8bc
                0x000000008001d90c                CDSYS_SetMode_StreamData = 0x8001d90c
                0x000000008001d990                CDSYS_SetMode_StreamAudio = 0x8001d990
                0x000000008001da08                CDSYS_SetXAToLang = 0x8001da08
                0x000000008001dc40                CDSYS_CdSyncCallback = 0x8001dc40
                0x000000008001dc98                CDSYS_CdReadyCallback = 0x8001dc98
                0x000000008001dd80                CDSYS_IRQ_Callback = 0x8001dd80
                0x000000008001de20                CDSYS_Transfer_Callback = 0x8001de20
                0x000000008001de80                CDSYS_IRQ_Enable = 0x8001de80
                0x000000008001df00                CDSYS_IRQ_Disable = 0x8001df00
                0x000000008001df34                CDSYS_ParseSpuData = 0x8001df34
                0x000000008001e07c                CDSYS_XAGetNumTracks = 0x8001e07c
                0x000000008001e0b4                CDSYS_XASeek = 0x8001e0b4
                0x000000008001e1bc                CDSYS_XAGetTrackLength = 0x8001e1bc
                0x000000008001e250                CDSYS_XAPlay = 0x8001e250
                0x000000008001e454                CDSYS_XAPauseRequest = 0x8001e454
                0x000000008001e4a8                CDSYS_XAPauseForce = 0x8001e4a8
                0x000000008001e528                CDSYS_XAPauseAtEnd = 0x8001e528
                0x000000008001e550                COLL_ThreadMeta = 0x8001e550
                0x000000008001e580                COLL_Instance = 0x8001e580
                0x000000008001eacc                COLL_SearchCallback_Instances = 0x8001eacc
                0x000000008001ec38                COLL_CheckDriver_AI = 0x8001ec38
                0x000000008001ee00                COLL_CheckDriver_Player = 0x8001ee00
                0x000000008001ffc8                COLL_SearchTree_NoCallback = 0x8001ffc8
                0x00000000800200a8                COLL_SearchTree_WithCallback = 0x800200a8
                0x00000000800208d8                COLL_Quadblock_Graphics = 0x800208d8
                0x0000000080020aac                COLL_SearchCallback_QuadBlocks_Graphics = 0x80020aac
                0x0000000080021520                COLL_Quadblock_Physics = 0x80021520
                0x0000000080021764                COLL_SearchCallback_QuadBlocks_Physics = 0x80021764
                0x0000000080022114                COLL_Scrub = 0x80022114
                0x00000000800229bc                CTR_Box_DrawWirePrims = 0x800229bc
                0x0000000080022a50                CTR_Box_DrawWireBox = 0x80022a50
                0x0000000080022c38                CTR_Box_DrawClearBox = 0x80022c38
                0x0000000080022d50                CTR_Box_DrawSolidBox = 0x80022d50
                0x0000000080022e40                CTR_CycleTex_LEV = 0x80022e40
                0x0000000080022edc                CTR_CycleTex_Model = 0x80022edc
                0x0000000080022f7c                CTR_CycleTex_AllModels = 0x80022f7c
                0x0000000080023050                CTR_CycleTex_2p3p4pWumpaHUD = 0x80023050
                0x0000000080023078                CTR_ClearRenderLists_1P2P = 0x80023078
                0x00000000800230e8                CTR_ClearRenderLists_3P4P = 0x800230e8
                0x0000000080023148                CTR_EmptyFunc_StartNewFrame = 0x80023148
                0x0000000080023150                CTR_ErrorScreen = 0x80023150
                0x000000008002336c                CTR_MatrixToRot = 0x8002336c
                0x00000000800236c4                CTR_ScrambleGhostString = 0x800236c4
                0x0000000080023770                DebugFont_Init = 0x80023770
                0x00000000800237a8                DebugFont_DrawNumbers = 0x800237a8
                0x0000000080023884                DecalFont_boolRacingWheel = 0x80023884
                0x000000008002392c                DecalFont_GetLineWidthStrlen = 0x8002392c
                0x0000000080023a40                DISPLAY_Blur_SubFunc = 0x80023a40
                0x0000000080023a6c                DecalFont_GetLineWidth = 0x80023a6c
                0x0000000080023a98                DecalFont_SetJfontDimensions = 0x80023a98
                0x0000000080023b78                DecalFont_DrawLineStrlen = 0x80023b78
                0x0000000080023d4c                DISPLAY_Blur_Main = 0x80023d4c
                0x0000000080023ffc                DISPLAY_Swap = 0x80023ffc
                0x00000000800241f0                DecalFont_DrawLine = 0x800241f0
                0x000000008002423c                DecalFont_DrawLineOT = 0x8002423c
                0x00000000800242a8                DecalFont_DrawMultiLineStrlen = 0x800242a8
                0x00000000800244bc                DecalFont_DrawMultiLine = 0x800244bc
                0x000000008002451c                DecalGlobal_EmptyFunc_StartNewFrame = 0x8002451c
                0x0000000080024524                DecalGlobal_Clear = 0x80024524
                0x0000000080024564                DecalGlobal_Store = 0x80024564
                0x0000000080024610                DecalGlobal_Find1 = 0x80024610
                0x00000000800246b4                DecalGlobal_Find2 = 0x800246b4
                0x0000000080024738                DecalHUD_DrawPolyFT4 = 0x80024738
                0x000000008002484c                DecalHUD_DrawWeapon = 0x8002484c
                0x00000000800249dc                DecalHUD_DrawPolyGT4 = 0x800249dc
                0x0000000080024b18                DecalHUD_Arrow2D = 0x80024b18
                0x0000000080024e10                DecalMP_01 = 0x80024e10
                0x0000000080024fc8                DecalMP_02 = 0x80024fc8
                0x000000008002510c                DecalMP_03 = 0x8002510c
                0x0000000080025984                DotLights_Video = 0x80025984
                0x0000000080025bd0                DotLights_AudioAndVideo = 0x80025bd0
                0x0000000080025d7c                EffectSfxRain_MakeSound = 0x80025d7c
                0x0000000080025e34                EffectSfxRain_Reset = 0x80025e34
                0x0000000080025e3c                ElimBG_SaveScreenshot_Chunk = 0x80025e3c
                0x0000000080025eb4                ElimBG_SaveScreenshot_Full = 0x80025eb4
                0x0000000080026134                ElimBG_Activate = 0x80026134
                0x0000000080026158                ElimBG_ToggleInstance = 0x80026158
                0x00000000800261d4                ElimBG_ToggleAllInstances = 0x800261d4
                0x000000008002628c                ElimBG_HandleState = 0x8002628c
                0x0000000080026520                ElimBG_Deactivate = 0x80026520
                0x0000000080026564                FLARE_PerFrame = 0x80026564
                0x0000000080026a50                FLARE_Init = 0x80026a50
                0x0000000080026ac4                GAMEPAD_Init = 0x80026ac4
                0x0000000080026b28                GAMEPAD_SetMainMode = 0x80026b28
                0x0000000080026bc0                GAMEPAD_ProcessState = 0x80026bc0
                0x0000000080026d30                GAMEPAD_CheckUnplugged = 0x80026d30
                0x0000000080026f08                GAMEPAD_GetNumConnected = 0x80026f08
                0x0000000080027074                GAMEPAD_ProcessHold = 0x80027074
                0x00000000800271b0                GAMEPAD_ProcessSticks = 0x800271b0
                0x0000000080027580                GAMEPAD_ProcessTapRelease = 0x80027580
                0x0000000080027688                GAMEPAD_ProcessForceFeedback = 0x80027688
                0x0000000080027a0c                GAMEPAD_UpdateAll = 0x80027a0c
                0x0000000080027adc                GAMEPAD_Vib_1 = 0x80027adc
                0x0000000080027b38                GAMEPAD_Vib_2 = 0x80027b38
                0x0000000080027b7c                GAMEPAD_Vib_3 = 0x80027b7c
                0x0000000080027bfc                GAMEPAD_Vib_4 = 0x80027bfc
                0x0000000080027c7c                GAMEPAD_Vib_5 = 0x80027c7c
                0x0000000080027cfc                GAMEPROG_AdvPercent = 0x80027cfc
                0x0000000080027fd8                GAMEPROG_ResetHighScores = 0x80027fd8
                0x00000000800282c8                GAMEPROG_CheckGhostsBeaten = 0x800282c8
                0x00000000800283d4                GAMEPROG_NewProfile_OutsideAdv = 0x800283d4
                0x0000000080028408                GAMEPROG_InitFullMemcard = 0x80028408
                0x000000008002849c                GAMEPROG_NewProfile_InsideAdv = 0x8002849c
                0x00000000800284d8                GAMEPROG_SaveCupProgress = 0x800284d8
                0x0000000080028560                GAMEPROG_SaveTimeTrialProgress = 0x80028560
                0x000000008002862c                GAMEPROG_NewGame_OnBoot = 0x8002862c
                0x0000000080028664                GAMEPROG_GetPtrHighScoreTrack = 0x80028664
                0x00000000800286bc                GhostBuffer_PerFrame = 0x800286bc
                0x000000008002901c                GhostBuffer_InitMemory = 0x8002901c
                0x000000008002936c                GhostBuffer_InitDriver = 0x8002936c
                0x00000000800295d8                GhostBuffer_InitRecording = 0x800295d8
                0x0000000080029674                GhostBuffer_EndRecording = 0x80029674
                0x0000000080029704                GhostBuffer_RecordStats = 0x80029704
                0x0000000080029b70                GhostBuffer_RecordBoosts = 0x80029b70
                0x0000000080029bf4                GhostBuffer_Destroy = 0x80029bf4
                0x0000000080029c20                CountSounds = 0x80029c20
                0x0000000080029c4c                OtherFX_Play = 0x80029c4c
                0x0000000080029c78                OtherFX_Play_Echo = 0x80029c78
                0x0000000080029cb4                OtherFX_Play_LowLevel = 0x80029cb4
                0x0000000080029e74                OtherFX_Modify = 0x80029e74
                0x0000000080029fec                OtherFX_Stop1 = 0x80029fec
                0x000000008002a028                OtherFX_Stop2 = 0x8002a028
                0x000000008002a064                EngineAudio_InitOnce = 0x8002a064
                0x000000008002a194                EngineAudio_Recalculate = 0x8002a194
                0x000000008002a338                EngineAudio_Stop = 0x8002a338
                0x000000008002a3a0                SetReverbMode = 0x8002a3a0
                0x000000008002a494                CseqMusic_Start = 0x8002a494
                0x000000008002a580                CseqMusic_Pause = 0x8002a580
                0x000000008002a5fc                CseqMusic_Resume = 0x8002a5fc
                0x000000008002a678                CseqMusic_ChangeVolume = 0x8002a678
                0x000000008002a750                CseqMusic_Restart = 0x8002a750
                0x000000008002a824                CseqMusic_ChangeTempo = 0x8002a824
                0x000000008002a8e8                CseqMusic_AdvHubSwap = 0x8002a8e8
                0x000000008002a9bc                CseqMusic_Stop = 0x8002a9bc
                0x000000008002aa74                CseqMusic_StopAll = 0x8002aa74
                0x000000008002aafc                Bank_ResetAllocator = 0x8002aafc
                0x000000008002ab18                Bank_Alloc = 0x8002ab18
                0x000000008002abd4                Bank_AssignSpuAddrs = 0x8002abd4
                0x000000008002aee0                Bank_Destroy = 0x8002aee0
                0x000000008002af4c                Bank_ClearInRange = 0x8002af4c
                0x000000008002afbc                Bank_Load = 0x8002afbc
                0x000000008002b040                Bank_DestroyLast = 0x8002b040
                0x000000008002b08c                Bank_DestroyUntilIndex = 0x8002b08c
                0x000000008002b100                Bank_DestroyAll = 0x8002b100
                0x000000008002b138                howl_InstrumentPitch = 0x8002b138
                0x000000008002b1a4                howl_InitGlobals = 0x8002b1a4
                0x000000008002b26c                howl_ParseHeader = 0x8002b26c
                0x000000008002b2d0                howl_ParseCesqHeader = 0x8002b2d0
                0x000000008002b348                howl_LoadHeader = 0x8002b348
                0x000000008002b45c                howl_SetSong = 0x8002b45c
                0x000000008002b4c0                howl_LoadSong = 0x8002b4c0
                0x000000008002b5dc                howl_ErasePtrCesqHeader = 0x8002b5dc
                0x000000008002b5e8                howl_ReadTimeDelta = 0x8002b5e8
                0x000000008002b634                cseq_opcode01_noteoff = 0x8002b634
                0x000000008002b740                cseq_opcode03 = 0x8002b740
                0x000000008002b79c                howl_InitChannelAttr_Music = 0x8002b79c
                0x000000008002baf0                cseq_opcode_from06and07 = 0x8002baf0
                0x000000008002bd28                cseq_opcode06 = 0x8002bd28
                0x000000008002bda8                cseq_opcode07 = 0x8002bda8
                0x000000008002be7c                cseq_opcode0a = 0x8002be7c
                0x000000008002c010                SongPool_FindFreeChannel = 0x8002c010
                0x000000008002c04c                SongPool_CalculateTempo = 0x8002c04c
                0x000000008002c0a0                SongPool_ChangeTempo = 0x8002c0a0
                0x000000008002c104                SongPool_Start = 0x8002c104
                0x000000008002c3dc                SongPool_Volume = 0x8002c3dc
                0x000000008002c3f4                SongPool_AdvHub1 = 0x8002c3f4
                0x000000008002c448                SongPool_AdvHub2 = 0x8002c448
                0x000000008002c51c                SongPool_StopCseq = 0x8002c51c
                0x000000008002c610                SongPool_StopAllCseq = 0x8002c610
                0x000000008002c698                howl_Disable = 0x8002c698
                0x000000008002c6bc                UpdateChannelVol_EngineFX = 0x8002c6bc
                0x000000008002c708                UpdateChannelVol_OtherFX = 0x8002c708
                0x000000008002c774                UpdateChannelVol_Music = 0x8002c774
                0x000000008002c868                UpdateChannelVol_EngineFX_All = 0x8002c868
                0x000000008002c970                UpdateChannelVol_Music_All = 0x8002c970
                0x000000008002ca34                UpdateChannelVol_OtherFX_All = 0x8002ca34
                0x000000008002cae4                howl_VolumeGet = 0x8002cae4
                0x000000008002cb34                howl_VolumeSet = 0x8002cb34
                0x000000008002cbf4                howl_ModeGet = 0x8002cbf4
                0x000000008002cc00                howl_ModeSet = 0x8002cc00
                0x000000008002cc0c                OptionsMenu_TestSound = 0x8002cc0c
                0x000000008002ced4                Smart_EnterCriticalSection = 0x8002ced4
                0x000000008002cf04                Smart_ExitCriticalSection = 0x8002cf04
                0x000000008002cf3c                Channel_SetVolume = 0x8002cf3c
                0x000000008002cfb0                Channel_FindDuplicateSound = 0x8002cfb0
                0x000000008002d004                Channel_AllocSlot_CheckDups = 0x8002d004
                0x000000008002d1cc                Channel_AllocSlot = 0x8002d1cc
                0x000000008002d294                Channel_SearchFX_EditAttr = 0x8002d294
                0x000000008002d3b4                Channel_SearchFX_Destroy = 0x8002d3b4
                0x000000008002d48c                Channel_DestroyAll_LowLevel = 0x8002d48c
                0x000000008002d5a8                Channel_ParseSongToChannels = 0x8002d5a8
                0x000000008002d898                Channel_UpdateChannels = 0x8002d898
                0x000000008002db88                Cutscene_VolumeBackup = 0x8002db88
                0x000000008002dbcc                Cutscene_VolumeRestore = 0x8002dbcc
                0x000000008002dc04                howl_PlayAudio_PerFrame = 0x8002dc04
                0x000000008002dd48                howl_InitChannelAttr_EngineFX = 0x8002dd48
                0x000000008002de20                howl_InitChannelAttr_OtherFX = 0x8002de20
                0x000000008002df0c                howl_PauseAudio = 0x8002df0c
                0x000000008002e048                howl_UnPauseChannel = 0x8002e048
                0x000000008002e180                howl_UnPauseAudio = 0x8002e180
                0x000000008002e2a4                howl_StopAudio = 0x8002e2a4
                0x000000008002e314                Voiceline_PoolInit = 0x8002e314
                0x000000008002e4a4                Voiceline_ClearTimeStamp = 0x8002e4a4
                0x000000008002e4dc                Voiceline_PoolClear = 0x8002e4dc
                0x000000008002e540                Voiceline_StopAll = 0x8002e540
                0x000000008002e5b0                Voiceline_ToggleEnable = 0x8002e5b0
                0x000000008002e5e4                Voiceline_RequestPlay = 0x8002e5e4
                0x000000008002e940                Voiceline_StartPlay = 0x8002e940
                0x000000008002ebb4                Voiceline_PerFrame = 0x8002ebb4
                0x000000008002ed64                Voiceline_EmptyFunc = 0x8002ed64
                0x000000008002ed6c                Voiceline_SetDefaults = 0x8002ed6c
                0x000000008002edb0                Audio_SetState = 0x8002edb0
                0x000000008002ef8c                Audio_SetState_Safe = 0x8002ef8c
                0x000000008002efcc                Audio_AdvHub_SwapSong = 0x8002efcc
                0x000000008002f014                Audio_SetMaskSong = 0x8002f014
                0x000000008002f14c                Audio_PerFrame = 0x8002f14c
                0x000000008002f750                Audio_SetDefaults = 0x8002f750
                0x000000008002f7b0                Audio_SetReverbMode = 0x8002f7b0
                0x000000008002f8b8                Music_SetIntro = 0x8002f8b8
                0x000000008002f908                Music_LoadBanks = 0x8002f908
                0x000000008002f9dc                Music_AsyncParseBanks = 0x8002f9dc
                0x000000008002ff1c                Music_SetDefaults = 0x8002ff1c
                0x000000008002ff34                Music_Adjust = 0x8002ff34
                0x000000008002fffc                Music_LowerVolume = 0x8002fffc
                0x0000000080030050                Music_RaiseVolume = 0x80030050
                0x00000000800300a4                Music_Restart = 0x800300a4
                0x00000000800300d0                Music_Stop = 0x800300d0
                0x0000000080030108                Music_Start = 0x80030108
                0x0000000080030120                Music_End = 0x80030120
                0x0000000080030134                Music_GetHighestSongPlayIndex = 0x80030134
                0x0000000080030140                GTE_AudioLR_Inst = 0x80030140
                0x00000000800301b0                GTE_AudioLR_Driver = 0x800301b0
                0x000000008003023c                GTE_GetSquaredLength = 0x8003023c
                0x0000000080030274                OtherFX_DriverTurbo = 0x80030274
                0x0000000080030308                OtherFX_Stop_Safe = 0x80030308
                0x0000000080030344                OtherFX_DriverCrashing = 0x80030344
                0x00000000800303a0                GTE_GetSquaredDistance = 0x800303a0
                0x0000000080030430                CalculateVolumeFromDistance = 0x80030430
                0x0000000080030578                PlayWarppadSound = 0x80030578
                0x00000000800305a4                Level_SoundLoop1 = 0x800305a4
                0x0000000080030628                Level_SoundLoop2 = 0x80030628
                0x000000008003069c                Level_RandomFX = 0x8003069c
                0x00000000800307c8                Level_AmbientSound = 0x800307c8
                0x0000000080030cc0                PlaySound3D = 0x80030cc0
                0x0000000080030f00                PlaySound3D_Flags = 0x80030f00
                0x00000000800311d8                EngineSound_Player = 0x800311d8
                0x0000000080031828                EngineSound_VolumeAdjust = 0x80031828
                0x0000000080031864                EngineSound_AI = 0x80031864
                0x0000000080031b28                EngineSound_NearestAIs = 0x80031b28
                0x0000000080031e08                Garage_Init = 0x80031e08
                0x0000000080031e64                Garage_Enter = 0x80031e64
                0x0000000080032004                Garage_Idle1 = 0x80032004
                0x00000000800320b8                Garage_Idle2 = 0x800320b8
                0x000000008003234c                Garage_Leave = 0x8003234c
                0x0000000080032378                INSTANCE_Birth = 0x80032378
                0x000000008003246c                INSTANCE_Birth3D = 0x8003246c
                0x00000000800324e4                INSTANCE_Birth2D = 0x800324e4
                0x00000000800325a4                INSTANCE_BirthWithThread = 0x800325a4
                0x0000000080032650                INSTANCE_BirthWithThread_Desc = 0x80032650
                0x00000000800326a8                INSTANCE_Death = 0x800326a8
                0x00000000800326d4                INSTANCE_LEVEL_InitAll = 0x800326d4
                0x0000000080032ad4                INSTANCE_LEVEL_RebuildThreads = 0x80032ad4
                0x0000000080032bdc                AllocPool_Clear = 0x80032bdc
                0x0000000080032c5c                AllocPool_Init = 0x80032c5c
                0x0000000080032cd4                AllocPool_Add = 0x80032cd4
                0x0000000080032d2c                AllocPool_Remove = 0x80032d2c
                0x0000000080032d6c                INSTANCE_LEVEL_DefToInst = 0x80032d6c
                0x0000000080032e68                INSTANCE_LEVEL_InstToDef = 0x80032e68
                0x0000000080032fc8                INSTANCE_ParentInstance = 0x80032fc8
                0x000000008003307c                INSTANCE_ModelGlobal_Store = 0x8003307c
                0x00000000800330c0                INSTANCE_ModelGlobal_Clear = 0x800330c0
                0x00000000800331ac                INSTANCE_CollBucket_Hitbox_Desc = 0x800331ac
                0x0000000080033208                INSTANCE_CollBucket_Hitbox = 0x80033208
                0x0000000080033334                LIST_Clear = 0x80033334
                0x0000000080033344                LIST_AddFront = 0x80033344
                0x0000000080033388                LIST_AddBack = 0x80033388
                0x00000000800333cc                LIST_GetNextItem = 0x800333cc
                0x00000000800333d8                LIST_GetFirstItem = 0x800333d8
                0x00000000800333e4                LIST_RemoveMember = 0x800333e4
                0x000000008003346c                LIST_RemoveFront = 0x8003346c
                0x000000008003357c                LIST_Init = 0x8003357c
                0x00000000800335e8                LOAD_Callback_Overlay_Generic = 0x800335e8
                0x00000000800335f4                LOAD_Callback_Overlay_230 = 0x800335f4
                0x0000000080033608                LOAD_Callback_Overlay_231 = 0x80033608
                0x0000000080033620                LOAD_Callback_Overlay_232 = 0x80033620
                0x0000000080033638                LOAD_Callback_Overlay_233 = 0x80033638
                0x0000000080033650                LOAD_Callback_MaskHints3D = 0x80033650
                0x0000000080033664                LOAD_Callback_Podiums = 0x80033664
                0x0000000080033678                LOAD_Callback_LEV = 0x80033678
                0x00000000800336a4                LOAD_Callback_LEV_Adv = 0x800336a4
                0x0000000080033700                LOAD_Callback_DriverModels = 0x80033700
                0x0000000080033714                LOAD_HubCallback = 0x80033714
                0x0000000080033750                LOAD_GlobalModelPtrs_MPK = 0x80033750
                0x00000000800337dc                LOAD_HubSwapPtrs = 0x800337dc
                0x000000008003381c                LOAD_StringToUpper = 0x8003381c
                0x0000000080033858                LOAD_InitCD = 0x80033858
                0x0000000080033878                LOAD_ReadDirectory = 0x80033878
                0x0000000080033930                LOAD_DramFileCallback = 0x80033930
                0x0000000080033a00                LOAD_DramFile = 0x80033a00
                0x0000000080033ae4                LOAD_VramFileCallback = 0x80033ae4
                0x0000000080033bdc                LOAD_VramFile = 0x80033bdc
                0x0000000080033d10                LOAD_ReadFileASyncCallback = 0x80033d10
                0x0000000080033db4                LOAD_ReadFile = 0x80033db4
                0x0000000080033f44                LOAD_ReadFile_NoCallback = 0x80033f44
                0x0000000080034038                LOAD_FindFile = 0x80034038
                0x0000000080034098                howl_readSectorSync = 0x80034098
                0x000000008003414c                howl_cdReadCallback = 0x8003414c
                0x0000000080034194                howl_loadDataFromCd = 0x80034194
                0x000000008003426c                howl_loadDataFromCd_RetryOnError = 0x8003426c
                0x00000000800342b4                LOAD_RunPtrMap = 0x800342b4
                0x0000000080034300                LOAD_Robots2P = 0x80034300
                0x00000000800343dc                LOAD_Robots1P = 0x800343dc
                0x000000008003442c                LOAD_DriverMPK = 0x8003442c
                0x0000000080034750                LOAD_LangFile = 0x80034750
                0x00000000800347f0                LOAD_GetBigfileIndex = 0x800347f0
                0x00000000800348fc                LOAD_AppendQueue = 0x800348fc
                0x0000000080034958                LOAD_CDRequestCallback = 0x80034958
                0x000000008003498c                LOAD_NextQueuedFile = 0x8003498c
                0x0000000080034bc8                LOAD_Hub_ReadFile = 0x80034bc8
                0x0000000080034cd4                LOAD_Hub_SwapNow = 0x80034cd4
                0x0000000080034ee4                LOAD_Hub_Main = 0x80034ee4
                0x0000000080035080                LOAD_OvrLOD = 0x80035080
                0x0000000080035100                LOAD_OvrEndRace = 0x80035100
                0x000000008003517c                LOAD_OvrThreads = 0x8003517c
                0x00000000800351e8                LOAD_GetAdvPackIndex = 0x800351e8
                0x000000008003521c                LOAD_TenStages = 0x8003521c
                0x0000000080036438                LOAD_TalkingMask = 0x80036438
                0x00000000800364dc                LOAD_LevelFile = 0x800364dc
                0x0000000080036550                LOAD_IsOpen_RacingOrBattle = 0x80036550
                0x0000000080036570                LOAD_IsOpen_MainMenu = 0x80036570
                0x0000000080036588                LOAD_IsOpen_AdvHub = 0x80036588
                0x00000000800365a8                LOAD_IsOpen_Podiums = 0x800365a8
                0x00000000800365c8                GetClipBufferSize = 0x800365c8
                0x0000000080036634                Alloc_PrimMem = 0x80036634
                0x0000000080036698                Alloc_OTMem = 0x80036698
                0x00000000800366f0                DrawSyncCallbackFunc = 0x800366f0
                0x0000000080036714                VsyncCallbackFunc = 0x80036714
                0x00000000800367b8                howl_TogglePause = 0x800367b8
                0x000000008003682c                StartNewFrame = 0x8003682c
                0x00000000800369c4                GameplayUpdateLoop = 0x800369c4
                0x0000000080037674                VisMem_FullFrame = 0x80037674
                0x0000000080037c2c                CheckMissingControllers = 0x80037c2c
                0x0000000080037cdc                RequestMaskHint = 0x80037cdc
                0x0000000080037d2c                RenderFrame = 0x80037d2c
                0x00000000800396b4                RacingWheel_Config_DrawArrows = 0x800396b4
                0x0000000080039894                RacingWheel_Config = 0x80039894
                0x000000008003a08c                MenuBoxFuncPtr_Options = 0x8003a08c
                0x000000008003adec                MenuBoxFuncPtr_Quit = 0x8003adec
                0x000000008003aee0                AdvPause_SafeDestroy = 0x8003aee0
                0x000000008003af28                PauseGame_MenuBoxFuncPtr = 0x8003af28
                0x000000008003b2b0                PauseGame_Get_MenuBox = 0x8003b2b0
                0x000000008003b37c                PauseGame_WhenPressingStart = 0x8003b37c
                0x000000008003b48c                EndOfRace_TimeTrial_Relic_CalculateReward = 0x8003b48c
                0x000000008003b7bc                EndOfRace_TimeTrial_Relic_SaveHighScore = 0x8003b7bc
                0x000000008003b904                ToggleGameState_EndOfRace = 0x8003b904
                0x000000008003c474                ToggleGameState_StartOfRace = 0x8003c474
                0x000000008003c510                VisMem_Clear1 = 0x8003c510
                0x000000008003c594                RainBufferInit = 0x8003c594
                0x000000008003c67c                SetPrimMemSize = 0x8003c67c
                0x000000008003c85c                ClearAllMemPools = 0x8003c85c
                0x000000008003c8bc                SetOTMemSize = 0x8003c8bc
                0x000000008003c9c4                AllocateAllPools = 0x8003c9c4
                0x000000008003cc58                AllocAllDrivers = 0x8003cc58
                0x000000008003cebc                InitThreadBuckets = 0x8003cebc
                0x000000008003d75c                StringToLevID = 0x8003d75c
                0x000000008003d7d0                VRAM_ClearToBlack = 0x8003d7d0
                0x000000008003d898                UpdateIntroScreen = 0x8003d898
                0x000000008003d9a4                EndGame = 0x8003d9a4
                0x000000008003da10                PrepareSpyro2 = 0x8003da10
                0x000000008003da80                LaunchSpyro2 = 0x8003da80
                0x000000008003dab8                LoadVlcTable_Callback = 0x8003dab8
                0x000000008003dac8                LoadVlcTable = 0x8003dac8
                0x000000008003db3c                main = 0x8003db3c
                0x000000008003e714                Level_StartLoading = 0x8003e714
                0x000000008003e758                Level_RequestNewLEV = 0x8003e758
                0x000000008003e800                RestartRace_IncrementLossCount = 0x8003e800
                0x000000008003e91c                MATH_Sin = 0x8003e91c
                0x000000008003e958                MATH_Cos = 0x8003e958
                0x000000008003e9ac                MATH_FastSqrt = 0x8003e9ac
                0x000000008003e9fc                MATH_HitboxMatrix = 0x8003e9fc
                0x000000008003eac0                MATH_VectorLength = 0x8003eac0
                0x000000008003eb10                MATH_VectorNormalize = 0x8003eb10
                0x000000008003ebf8                MATH_MatrixMul = 0x8003ebf8
                0x000000008003ec7c                MEMCARD_SetIcon = 0x8003ec7c
                0x000000008003ecd8                MEMCARD_CRC16 = 0x8003ecd8
                0x000000008003ed1c                MEMCARD_ChecksumSave = 0x8003ed1c
                0x000000008003edb0                MEMCARD_ChecksumLoad = 0x8003edb0
                0x000000008003ee80                MEMCARD_StringInit = 0x8003ee80
                0x000000008003eec8                MEMCARD_StringSet = 0x8003eec8
                0x000000008003ef70                MEMCARD_InitCard = 0x8003ef70
                0x000000008003f0f4                MEMCARD_CloseCard = 0x8003f0f4
                0x000000008003f184                MEMCARD_GetNextSlot1Event = 0x8003f184
                0x000000008003f200                MEMCARD_WaitForSlot1Event = 0x8003f200
                0x000000008003f270                MEMCARD_GetNextSlot2Event = 0x8003f270
                0x000000008003f2ec                MEMCARD_WaitForSlot2Event = 0x8003f2ec
                0x000000008003f35c                MEMCARD_SkipEvents = 0x8003f35c
                0x000000008003f3a0                MEMCARD_NewTask = 0x8003f3a0
                0x000000008003f400                MEMCARD_CloseFile = 0x8003f400
                0x000000008003f438                MEMCARD_ReadFile = 0x8003f438
                0x000000008003f4a4                MEMCARD_WriteFile = 0x8003f4a4
                0x000000008003f518                MEMCARD_GetFreeBytes = 0x8003f518
                0x000000008003fc14                MEMCARD_GetInfo = 0x8003fc14
                0x000000008003fc88                MEMCARD_Load = 0x8003fc88
                0x000000008003fd3c                MEMCARD_Save = 0x8003fd3c
                0x000000008003ff20                MEMCARD_Format = 0x8003ff20
                0x000000008004001c                MEMCARD_FindFirstGhost = 0x8004001c
                0x0000000080040094                MEMCARD_FindNextGhost = 0x80040094
                0x00000000800400f0                MEMCARD_EraseFile = 0x800400f0
                0x000000008004015c                MEMPACK_Init = 0x8004015c
                0x0000000080040228                MEMPACK_SwapPacks = 0x80040228
                0x000000008004024c                MEMPACK_NewPack_StartEnd = 0x8004024c
                0x0000000080040278                MEMPACK_GetFreeBytes = 0x80040278
                0x0000000080040290                MEMPACK_AllocMem = 0x80040290
                0x0000000080040304                MEMPACK_AllocHighMem = 0x80040304
                0x0000000080040354                MEMPACK_ClearHighMem = 0x80040354
                0x0000000080040368                MEMPACK_ReallocMem = 0x80040368
                0x0000000080040394                MEMPACK_PushState = 0x80040394
                0x00000000800403d4                MEMPACK_ClearLowMem = 0x800403d4
                0x00000000800403ec                MEMPACK_PopState = 0x800403ec
                0x0000000080040424                MEMPACK_PopToState = 0x80040424
                0x0000000080040444                RNG_Scramble = 0x80040444
                0x0000000080040488                RNG_Particles = 0x80040488
                0x00000000800404c8                RNG_GetValue = 0x800404c8
                0x00000000800404fc                Particle_FuncPtr_PotionShatter = 0x800404fc